<html>
<body>
<pre>
<h1>µVision Build Log</h1>
<h2>Tool Versions:</h2>
IDE-Version: ¦ÌVision V5.33.0.0
Copyright (C) 2020 ARM Ltd and ARM Germany GmbH. All rights reserved.
License Information: mischievous 382074155@qq.com, HUST, LIC=65ISZ-J4TD8-RAADM-XIY1E-27WG6-AARQN
 
Tool Versions:
Toolchain:       MDK-ARM Plus  Version: 5.33.0.0
Toolchain Path:  D:\Keil\ARM\ARMCC\Bin
C Compiler:      Armcc.exe V5.06 update 7 (build 960)
Assembler:       Armasm.exe V5.06 update 7 (build 960)
Linker/Locator:  ArmLink.exe V5.06 update 7 (build 960)
Library Manager: ArmAr.exe V5.06 update 7 (build 960)
Hex Converter:   FromElf.exe V5.06 update 7 (build 960)
CPU DLL:         SARMCM3.DLL V5.33.0.0
Dialog DLL:      DCM.DLL V1.17.3.0
Target DLL:      Segger\JL2CM3.dll V2.99.38.0
Dialog DLL:      TCM.DLL V1.48.0.0
 
<h2>Project:</h2>
C:\Users\38207\Desktop\Hardwaretask\code\USER\Bicycle.uvprojx
Project File Date:  05/04/2024

<h2>Output:</h2>
*** Using Compiler 'V5.06 update 7 (build 960)', folder: 'D:\Keil\ARM\ARMCC\Bin'
Rebuild target 'Bicycle'
assembling startup_stm32f10x_hd.s...
compiling stm32f10x_crc.c...
compiling stm32f10x_it.c...
compiling stm32f10x_bkp.c...
compiling main.c...
..\HARDWARE\OLED\oled.h(52): warning:  #1295-D: Deprecated declaration Picture - give arg types
  void Picture();
..\HARDWARE\OLED\oled.h(53): warning:  #1295-D: Deprecated declaration IIC_Start - give arg types
  void IIC_Start();
..\HARDWARE\OLED\oled.h(54): warning:  #1295-D: Deprecated declaration IIC_Stop - give arg types
  void IIC_Stop();
..\HARDWARE\OLED\oled.h(59): warning:  #1295-D: Deprecated declaration IIC_Wait_Ack - give arg types
  void IIC_Wait_Ack();
..\HARDWARE\beep\beep.h(10): warning:  #1-D: last line of file ends without a newline
  #endif
..\HARDWARE\control\control.h(22): warning:  #1-D: last line of file ends without a newline
  #endif
..\HARDWARE\MOTOR\motor.h(28): warning:  #1-D: last line of file ends without a newline
  #endif 
..\HARDWARE\pwm\pwm.h(8): warning:  #1-D: last line of file ends without a newline
  #endif 
main.c: 8 warnings, 0 errors
compiling system_stm32f10x.c...
compiling misc.c...
compiling stm32f10x_cec.c...
compiling stm32f10x_adc.c...
compiling stm32f10x_can.c...
compiling stm32f10x_dac.c...
compiling stm32f10x_dbgmcu.c...
compiling core_cm3.c...
compiling stm32f10x_exti.c...
compiling stm32f10x_dma.c...
compiling stm32f10x_fsmc.c...
compiling stm32f10x_flash.c...
compiling stm32f10x_gpio.c...
compiling stm32f10x_pwr.c...
compiling stm32f10x_i2c.c...
compiling stm32f10x_iwdg.c...
compiling stm32f10x_rtc.c...
compiling stm32f10x_rcc.c...
compiling stm32f10x_sdio.c...
compiling stm32f10x_spi.c...
compiling stm32f10x_tim.c...
compiling stm32f10x_usart.c...
compiling stm32f10x_wwdg.c...
compiling sys.c...
..\HARDWARE\OLED\oled.h(52): warning:  #1295-D: Deprecated declaration Picture - give arg types
  void Picture();
..\HARDWARE\OLED\oled.h(53): warning:  #1295-D: Deprecated declaration IIC_Start - give arg types
  void IIC_Start();
..\HARDWARE\OLED\oled.h(54): warning:  #1295-D: Deprecated declaration IIC_Stop - give arg types
  void IIC_Stop();
..\HARDWARE\OLED\oled.h(59): warning:  #1295-D: Deprecated declaration IIC_Wait_Ack - give arg types
  void IIC_Wait_Ack();
..\HARDWARE\beep\beep.h(10): warning:  #1-D: last line of file ends without a newline
  #endif
..\HARDWARE\control\control.h(22): warning:  #1-D: last line of file ends without a newline
  #endif
..\HARDWARE\MOTOR\motor.h(28): warning:  #1-D: last line of file ends without a newline
  #endif 
..\HARDWARE\pwm\pwm.h(8): warning:  #1-D: last line of file ends without a newline
  #endif 
..\SYSTEM\sys\sys.c(60): warning:  #1-D: last line of file ends without a newline
  }
..\SYSTEM\sys\sys.c(29): warning:  #177-D: variable "NVIC_InitStruct_tim1"  was declared but never referenced
      NVIC_InitTypeDef NVIC_InitStruct_tim1;
..\SYSTEM\sys\sys.c: 10 warnings, 0 errors
compiling delay.c...
..\HARDWARE\OLED\oled.h(52): warning:  #1295-D: Deprecated declaration Picture - give arg types
  void Picture();
..\HARDWARE\OLED\oled.h(53): warning:  #1295-D: Deprecated declaration IIC_Start - give arg types
  void IIC_Start();
..\HARDWARE\OLED\oled.h(54): warning:  #1295-D: Deprecated declaration IIC_Stop - give arg types
  void IIC_Stop();
..\HARDWARE\OLED\oled.h(59): warning:  #1295-D: Deprecated declaration IIC_Wait_Ack - give arg types
  void IIC_Wait_Ack();
..\HARDWARE\beep\beep.h(10): warning:  #1-D: last line of file ends without a newline
  #endif
..\HARDWARE\control\control.h(22): warning:  #1-D: last line of file ends without a newline
  #endif
..\HARDWARE\MOTOR\motor.h(28): warning:  #1-D: last line of file ends without a newline
  #endif 
..\HARDWARE\pwm\pwm.h(8): warning:  #1-D: last line of file ends without a newline
  #endif 
..\SYSTEM\delay\delay.c: 8 warnings, 0 errors
compiling usart.c...
..\HARDWARE\OLED\oled.h(52): warning:  #1295-D: Deprecated declaration Picture - give arg types
  void Picture();
..\HARDWARE\OLED\oled.h(53): warning:  #1295-D: Deprecated declaration IIC_Start - give arg types
  void IIC_Start();
..\HARDWARE\OLED\oled.h(54): warning:  #1295-D: Deprecated declaration IIC_Stop - give arg types
  void IIC_Stop();
..\HARDWARE\OLED\oled.h(59): warning:  #1295-D: Deprecated declaration IIC_Wait_Ack - give arg types
  void IIC_Wait_Ack();
..\HARDWARE\beep\beep.h(10): warning:  #1-D: last line of file ends without a newline
  #endif
..\HARDWARE\control\control.h(22): warning:  #1-D: last line of file ends without a newline
  #endif
..\HARDWARE\MOTOR\motor.h(28): warning:  #1-D: last line of file ends without a newline
  #endif 
..\HARDWARE\pwm\pwm.h(8): warning:  #1-D: last line of file ends without a newline
  #endif 
..\SYSTEM\usart\usart.c(52): warning:  #177-D: variable "NVIC_InitStructure"  was declared but never referenced
  	NVIC_InitTypeDef NVIC_InitStructure;
..\SYSTEM\usart\usart.c: 9 warnings, 0 errors
compiling adc.c...
..\HARDWARE\OLED\oled.h(52): warning:  #1295-D: Deprecated declaration Picture - give arg types
  void Picture();
..\HARDWARE\OLED\oled.h(53): warning:  #1295-D: Deprecated declaration IIC_Start - give arg types
  void IIC_Start();
..\HARDWARE\OLED\oled.h(54): warning:  #1295-D: Deprecated declaration IIC_Stop - give arg types
  void IIC_Stop();
..\HARDWARE\OLED\oled.h(59): warning:  #1295-D: Deprecated declaration IIC_Wait_Ack - give arg types
  void IIC_Wait_Ack();
..\HARDWARE\beep\beep.h(10): warning:  #1-D: last line of file ends without a newline
  #endif
..\HARDWARE\control\control.h(22): warning:  #1-D: last line of file ends without a newline
  #endif
..\HARDWARE\MOTOR\motor.h(28): warning:  #1-D: last line of file ends without a newline
  #endif 
..\HARDWARE\pwm\pwm.h(8): warning:  #1-D: last line of file ends without a newline
  #endif 
..\HARDWARE\adc\adc.c: 8 warnings, 0 errors
compiling oled.c...
..\HARDWARE\beep\beep.h(10): warning:  #1-D: last line of file ends without a newline
  #endif
..\HARDWARE\control\control.h(22): warning:  #1-D: last line of file ends without a newline
  #endif
..\HARDWARE\MOTOR\motor.h(28): warning:  #1-D: last line of file ends without a newline
  #endif 
..\HARDWARE\pwm\pwm.h(8): warning:  #1-D: last line of file ends without a newline
  #endif 
..\HARDWARE\OLED\oled.h(52): warning:  #1295-D: Deprecated declaration Picture - give arg types
  void Picture();
..\HARDWARE\OLED\oled.h(53): warning:  #1295-D: Deprecated declaration IIC_Start - give arg types
  void IIC_Start();
..\HARDWARE\OLED\oled.h(54): warning:  #1295-D: Deprecated declaration IIC_Stop - give arg types
  void IIC_Stop();
..\HARDWARE\OLED\oled.h(59): warning:  #1295-D: Deprecated declaration IIC_Wait_Ack - give arg types
  void IIC_Wait_Ack();
..\HARDWARE\OLED\oled.c: 8 warnings, 0 errors
compiling encoder.c...
..\HARDWARE\OLED\oled.h(52): warning:  #1295-D: Deprecated declaration Picture - give arg types
  void Picture();
..\HARDWARE\OLED\oled.h(53): warning:  #1295-D: Deprecated declaration IIC_Start - give arg types
  void IIC_Start();
..\HARDWARE\OLED\oled.h(54): warning:  #1295-D: Deprecated declaration IIC_Stop - give arg types
  void IIC_Stop();
..\HARDWARE\OLED\oled.h(59): warning:  #1295-D: Deprecated declaration IIC_Wait_Ack - give arg types
  void IIC_Wait_Ack();
..\HARDWARE\beep\beep.h(10): warning:  #1-D: last line of file ends without a newline
  #endif
..\HARDWARE\control\control.h(22): warning:  #1-D: last line of file ends without a newline
  #endif
..\HARDWARE\MOTOR\motor.h(28): warning:  #1-D: last line of file ends without a newline
  #endif 
..\HARDWARE\pwm\pwm.h(8): warning:  #1-D: last line of file ends without a newline
  #endif 
..\HARDWARE\encoder\encoder.c: 8 warnings, 0 errors
compiling led.c...
..\HARDWARE\OLED\oled.h(52): warning:  #1295-D: Deprecated declaration Picture - give arg types
  void Picture();
..\HARDWARE\OLED\oled.h(53): warning:  #1295-D: Deprecated declaration IIC_Start - give arg types
  void IIC_Start();
..\HARDWARE\OLED\oled.h(54): warning:  #1295-D: Deprecated declaration IIC_Stop - give arg types
  void IIC_Stop();
..\HARDWARE\OLED\oled.h(59): warning:  #1295-D: Deprecated declaration IIC_Wait_Ack - give arg types
  void IIC_Wait_Ack();
..\HARDWARE\beep\beep.h(10): warning:  #1-D: last line of file ends without a newline
  #endif
..\HARDWARE\control\control.h(22): warning:  #1-D: last line of file ends without a newline
  #endif
..\HARDWARE\MOTOR\motor.h(28): warning:  #1-D: last line of file ends without a newline
  #endif 
..\HARDWARE\pwm\pwm.h(8): warning:  #1-D: last line of file ends without a newline
  #endif 
..\HARDWARE\led\led.c: 8 warnings, 0 errors
compiling motor.c...
..\HARDWARE\OLED\oled.h(52): warning:  #1295-D: Deprecated declaration Picture - give arg types
  void Picture();
..\HARDWARE\OLED\oled.h(53): warning:  #1295-D: Deprecated declaration IIC_Start - give arg types
  void IIC_Start();
..\HARDWARE\OLED\oled.h(54): warning:  #1295-D: Deprecated declaration IIC_Stop - give arg types
  void IIC_Stop();
..\HARDWARE\OLED\oled.h(59): warning:  #1295-D: Deprecated declaration IIC_Wait_Ack - give arg types
  void IIC_Wait_Ack();
..\HARDWARE\beep\beep.h(10): warning:  #1-D: last line of file ends without a newline
  #endif
..\HARDWARE\control\control.h(22): warning:  #1-D: last line of file ends without a newline
  #endif
..\HARDWARE\MOTOR\motor.h(28): warning:  #1-D: last line of file ends without a newline
  #endif 
..\HARDWARE\pwm\pwm.h(8): warning:  #1-D: last line of file ends without a newline
  #endif 
..\HARDWARE\motor\motor.h(28): warning:  #1-D: last line of file ends without a newline
  #endif 
..\HARDWARE\motor\motor.c: 9 warnings, 0 errors
compiling mpu6050.c...
..\HARDWARE\OLED\oled.h(52): warning:  #1295-D: Deprecated declaration Picture - give arg types
  void Picture();
..\HARDWARE\OLED\oled.h(53): warning:  #1295-D: Deprecated declaration IIC_Start - give arg types
  void IIC_Start();
..\HARDWARE\OLED\oled.h(54): warning:  #1295-D: Deprecated declaration IIC_Stop - give arg types
  void IIC_Stop();
..\HARDWARE\OLED\oled.h(59): warning:  #1295-D: Deprecated declaration IIC_Wait_Ack - give arg types
  void IIC_Wait_Ack();
..\HARDWARE\beep\beep.h(10): warning:  #1-D: last line of file ends without a newline
  #endif
..\HARDWARE\control\control.h(22): warning:  #1-D: last line of file ends without a newline
  #endif
..\HARDWARE\MOTOR\motor.h(28): warning:  #1-D: last line of file ends without a newline
  #endif 
..\HARDWARE\pwm\pwm.h(8): warning:  #1-D: last line of file ends without a newline
  #endif 
..\HARDWARE\mpu6050\mpu6050.c: 8 warnings, 0 errors
compiling mpuiic.c...
..\HARDWARE\OLED\oled.h(52): warning:  #1295-D: Deprecated declaration Picture - give arg types
  void Picture();
..\HARDWARE\OLED\oled.h(53): warning:  #1295-D: Deprecated declaration IIC_Start - give arg types
  void IIC_Start();
..\HARDWARE\OLED\oled.h(54): warning:  #1295-D: Deprecated declaration IIC_Stop - give arg types
  void IIC_Stop();
..\HARDWARE\OLED\oled.h(59): warning:  #1295-D: Deprecated declaration IIC_Wait_Ack - give arg types
  void IIC_Wait_Ack();
..\HARDWARE\beep\beep.h(10): warning:  #1-D: last line of file ends without a newline
  #endif
..\HARDWARE\control\control.h(22): warning:  #1-D: last line of file ends without a newline
  #endif
..\HARDWARE\MOTOR\motor.h(28): warning:  #1-D: last line of file ends without a newline
  #endif 
..\HARDWARE\pwm\pwm.h(8): warning:  #1-D: last line of file ends without a newline
  #endif 
..\HARDWARE\mpu6050\mpuiic.c: 8 warnings, 0 errors
compiling inv_mpu.c...
..\HARDWARE\OLED\oled.h(52): warning:  #1295-D: Deprecated declaration Picture - give arg types
  void Picture();
..\HARDWARE\OLED\oled.h(53): warning:  #1295-D: Deprecated declaration IIC_Start - give arg types
  void IIC_Start();
..\HARDWARE\OLED\oled.h(54): warning:  #1295-D: Deprecated declaration IIC_Stop - give arg types
  void IIC_Stop();
..\HARDWARE\OLED\oled.h(59): warning:  #1295-D: Deprecated declaration IIC_Wait_Ack - give arg types
  void IIC_Wait_Ack();
..\HARDWARE\beep\beep.h(10): warning:  #1-D: last line of file ends without a newline
  #endif
..\HARDWARE\control\control.h(22): warning:  #1-D: last line of file ends without a newline
  #endif
..\HARDWARE\MOTOR\motor.h(28): warning:  #1-D: last line of file ends without a newline
  #endif 
..\HARDWARE\pwm\pwm.h(8): warning:  #1-D: last line of file ends without a newline
  #endif 
..\HARDWARE\mpu6050\eMPL\inv_mpu.c: 8 warnings, 0 errors
compiling control.c...
..\HARDWARE\OLED\oled.h(52): warning:  #1295-D: Deprecated declaration Picture - give arg types
  void Picture();
..\HARDWARE\OLED\oled.h(53): warning:  #1295-D: Deprecated declaration IIC_Start - give arg types
  void IIC_Start();
..\HARDWARE\OLED\oled.h(54): warning:  #1295-D: Deprecated declaration IIC_Stop - give arg types
  void IIC_Stop();
..\HARDWARE\OLED\oled.h(59): warning:  #1295-D: Deprecated declaration IIC_Wait_Ack - give arg types
  void IIC_Wait_Ack();
..\HARDWARE\beep\beep.h(10): warning:  #1-D: last line of file ends without a newline
  #endif
..\HARDWARE\control\control.h(22): warning:  #1-D: last line of file ends without a newline
  #endif
..\HARDWARE\MOTOR\motor.h(28): warning:  #1-D: last line of file ends without a newline
  #endif 
..\HARDWARE\pwm\pwm.h(8): warning:  #1-D: last line of file ends without a newline
  #endif 
..\HARDWARE\control\control.h(22): warning:  #1-D: last line of file ends without a newline
  #endif
..\HARDWARE\control\control.c: 9 warnings, 0 errors
compiling inv_mpu_dmp_motion_driver.c...
..\HARDWARE\OLED\oled.h(52): warning:  #1295-D: Deprecated declaration Picture - give arg types
  void Picture();
..\HARDWARE\OLED\oled.h(53): warning:  #1295-D: Deprecated declaration IIC_Start - give arg types
  void IIC_Start();
..\HARDWARE\OLED\oled.h(54): warning:  #1295-D: Deprecated declaration IIC_Stop - give arg types
  void IIC_Stop();
..\HARDWARE\OLED\oled.h(59): warning:  #1295-D: Deprecated declaration IIC_Wait_Ack - give arg types
  void IIC_Wait_Ack();
..\HARDWARE\beep\beep.h(10): warning:  #1-D: last line of file ends without a newline
  #endif
..\HARDWARE\control\control.h(22): warning:  #1-D: last line of file ends without a newline
  #endif
..\HARDWARE\MOTOR\motor.h(28): warning:  #1-D: last line of file ends without a newline
  #endif 
..\HARDWARE\pwm\pwm.h(8): warning:  #1-D: last line of file ends without a newline
  #endif 
..\HARDWARE\mpu6050\eMPL\inv_mpu_dmp_motion_driver.c: 8 warnings, 0 errors
compiling exti.c...
..\HARDWARE\OLED\oled.h(52): warning:  #1295-D: Deprecated declaration Picture - give arg types
  void Picture();
..\HARDWARE\OLED\oled.h(53): warning:  #1295-D: Deprecated declaration IIC_Start - give arg types
  void IIC_Start();
..\HARDWARE\OLED\oled.h(54): warning:  #1295-D: Deprecated declaration IIC_Stop - give arg types
  void IIC_Stop();
..\HARDWARE\OLED\oled.h(59): warning:  #1295-D: Deprecated declaration IIC_Wait_Ack - give arg types
  void IIC_Wait_Ack();
..\HARDWARE\beep\beep.h(10): warning:  #1-D: last line of file ends without a newline
  #endif
..\HARDWARE\control\control.h(22): warning:  #1-D: last line of file ends without a newline
  #endif
..\HARDWARE\MOTOR\motor.h(28): warning:  #1-D: last line of file ends without a newline
  #endif 
..\HARDWARE\pwm\pwm.h(8): warning:  #1-D: last line of file ends without a newline
  #endif 
..\HARDWARE\exti\exti.c: 8 warnings, 0 errors
compiling pwm.c...
..\HARDWARE\OLED\oled.h(52): warning:  #1295-D: Deprecated declaration Picture - give arg types
  void Picture();
..\HARDWARE\OLED\oled.h(53): warning:  #1295-D: Deprecated declaration IIC_Start - give arg types
  void IIC_Start();
..\HARDWARE\OLED\oled.h(54): warning:  #1295-D: Deprecated declaration IIC_Stop - give arg types
  void IIC_Stop();
..\HARDWARE\OLED\oled.h(59): warning:  #1295-D: Deprecated declaration IIC_Wait_Ack - give arg types
  void IIC_Wait_Ack();
..\HARDWARE\beep\beep.h(10): warning:  #1-D: last line of file ends without a newline
  #endif
..\HARDWARE\control\control.h(22): warning:  #1-D: last line of file ends without a newline
  #endif
..\HARDWARE\MOTOR\motor.h(28): warning:  #1-D: last line of file ends without a newline
  #endif 
..\HARDWARE\pwm\pwm.h(8): warning:  #1-D: last line of file ends without a newline
  #endif 
..\HARDWARE\pwm\pwm.h(8): warning:  #1-D: last line of file ends without a newline
  #endif 
..\HARDWARE\pwm\pwm.c(79): warning:  #177-D: variable "NVIC_InitSture"  was declared but never referenced
  	NVIC_InitTypeDef           NVIC_InitSture;
..\HARDWARE\pwm\pwm.c: 10 warnings, 0 errors
compiling beep.c...
..\HARDWARE\OLED\oled.h(52): warning:  #1295-D: Deprecated declaration Picture - give arg types
  void Picture();
..\HARDWARE\OLED\oled.h(53): warning:  #1295-D: Deprecated declaration IIC_Start - give arg types
  void IIC_Start();
..\HARDWARE\OLED\oled.h(54): warning:  #1295-D: Deprecated declaration IIC_Stop - give arg types
  void IIC_Stop();
..\HARDWARE\OLED\oled.h(59): warning:  #1295-D: Deprecated declaration IIC_Wait_Ack - give arg types
  void IIC_Wait_Ack();
..\HARDWARE\beep\beep.h(10): warning:  #1-D: last line of file ends without a newline
  #endif
..\HARDWARE\control\control.h(22): warning:  #1-D: last line of file ends without a newline
  #endif
..\HARDWARE\MOTOR\motor.h(28): warning:  #1-D: last line of file ends without a newline
  #endif 
..\HARDWARE\pwm\pwm.h(8): warning:  #1-D: last line of file ends without a newline
  #endif 
..\HARDWARE\beep\beep.h(10): warning:  #1-D: last line of file ends without a newline
  #endif
..\HARDWARE\beep\beep.c(11): warning:  #1-D: last line of file ends without a newline
  }
..\HARDWARE\beep\beep.c: 10 warnings, 0 errors
compiling wave.c...
..\HARDWARE\OLED\oled.h(52): warning:  #1295-D: Deprecated declaration Picture - give arg types
  void Picture();
..\HARDWARE\OLED\oled.h(53): warning:  #1295-D: Deprecated declaration IIC_Start - give arg types
  void IIC_Start();
..\HARDWARE\OLED\oled.h(54): warning:  #1295-D: Deprecated declaration IIC_Stop - give arg types
  void IIC_Stop();
..\HARDWARE\OLED\oled.h(59): warning:  #1295-D: Deprecated declaration IIC_Wait_Ack - give arg types
  void IIC_Wait_Ack();
..\HARDWARE\beep\beep.h(10): warning:  #1-D: last line of file ends without a newline
  #endif
..\HARDWARE\control\control.h(22): warning:  #1-D: last line of file ends without a newline
  #endif
..\HARDWARE\MOTOR\motor.h(28): warning:  #1-D: last line of file ends without a newline
  #endif 
..\HARDWARE\pwm\pwm.h(8): warning:  #1-D: last line of file ends without a newline
  #endif 
..\HARDWARE\wave\wave.c: 8 warnings, 0 errors
linking...
Program Size: Code=22518 RO-data=5890 RW-data=188 ZI-data=1852  
FromELF: creating hex file...
"..\OBJ\NewProject.axf" - 0 Error(s), 153 Warning(s).

<h2>Software Packages used:</h2>

Package Vendor: Keil
                http://www.keil.com/pack/Keil.STM32F1xx_DFP.1.1.0.pack
                Keil.STM32F1xx_DFP.1.1.0
                STMicroelectronics STM32F1 Series Device Support, Drivers and Examples

<h2>Collection of Component include folders:</h2>
  D:\Keil\arm\Keil\STM32F1xx_DFP\1.1.0\Device\Include

<h2>Collection of Component Files used:</h2>
Build Time Elapsed:  00:00:03
</pre>
</body>
</html>
