Component: ARM Compiler 5.06 update 7 (build 960) Tool: armlink [4d3601]

==============================================================================

Section Cross References

    startup_stm32f103xb.o(STACK) refers (Special) to heapauxi.o(.text) for __use_two_region_memory
    startup_stm32f103xb.o(HEAP) refers (Special) to heapauxi.o(.text) for __use_two_region_memory
    startup_stm32f103xb.o(RESET) refers (Special) to heapauxi.o(.text) for __use_two_region_memory
    startup_stm32f103xb.o(RESET) refers to startup_stm32f103xb.o(STACK) for __initial_sp
    startup_stm32f103xb.o(RESET) refers to startup_stm32f103xb.o(.text) for Reset_Handler
    startup_stm32f103xb.o(RESET) refers to stm32f1xx_it.o(i.NMI_Handler) for NMI_Handler
    startup_stm32f103xb.o(RESET) refers to stm32f1xx_it.o(i.HardFault_Handler) for HardFault_Handler
    startup_stm32f103xb.o(RESET) refers to stm32f1xx_it.o(i.MemManage_Handler) for MemManage_Handler
    startup_stm32f103xb.o(RESET) refers to stm32f1xx_it.o(i.BusFault_Handler) for BusFault_Handler
    startup_stm32f103xb.o(RESET) refers to stm32f1xx_it.o(i.UsageFault_Handler) for UsageFault_Handler
    startup_stm32f103xb.o(RESET) refers to stm32f1xx_it.o(i.SVC_Handler) for SVC_Handler
    startup_stm32f103xb.o(RESET) refers to stm32f1xx_it.o(i.DebugMon_Handler) for DebugMon_Handler
    startup_stm32f103xb.o(RESET) refers to stm32f1xx_it.o(i.PendSV_Handler) for PendSV_Handler
    startup_stm32f103xb.o(RESET) refers to stm32f1xx_it.o(i.SysTick_Handler) for SysTick_Handler
    startup_stm32f103xb.o(RESET) refers to stm32f1xx_it.o(i.USART1_IRQHandler) for USART1_IRQHandler
    startup_stm32f103xb.o(.text) refers (Special) to heapauxi.o(.text) for __use_two_region_memory
    startup_stm32f103xb.o(.text) refers to system_stm32f1xx.o(i.SystemInit) for SystemInit
    startup_stm32f103xb.o(.text) refers to __main.o(!!!main) for __main
    startup_stm32f103xb.o(.text) refers to startup_stm32f103xb.o(HEAP) for Heap_Mem
    startup_stm32f103xb.o(.text) refers to startup_stm32f103xb.o(STACK) for Stack_Mem
    mpu6050.o(i.Kalman_getAngle) refers to daddsub_clz.o(x$fpl$dsub) for __aeabi_dsub
    mpu6050.o(i.Kalman_getAngle) refers to dmul.o(x$fpl$dmul) for __aeabi_dmul
    mpu6050.o(i.Kalman_getAngle) refers to daddsub_clz.o(x$fpl$dadd) for __aeabi_dadd
    mpu6050.o(i.Kalman_getAngle) refers to daddsub_clz.o(x$fpl$drsb) for __aeabi_drsub
    mpu6050.o(i.Kalman_getAngle) refers to ddiv.o(x$fpl$ddiv) for __aeabi_ddiv
    mpu6050.o(i.MPU6050_Init) refers to stm32f1xx_hal_i2c.o(i.HAL_I2C_Mem_Read) for HAL_I2C_Mem_Read
    mpu6050.o(i.MPU6050_Init) refers to stm32f1xx_hal_i2c.o(i.HAL_I2C_Mem_Write) for HAL_I2C_Mem_Write
    mpu6050.o(i.MPU6050_Read_Accel) refers to stm32f1xx_hal_i2c.o(i.HAL_I2C_Mem_Read) for HAL_I2C_Mem_Read
    mpu6050.o(i.MPU6050_Read_Accel) refers to dflt_clz.o(x$fpl$dflt) for __aeabi_i2d
    mpu6050.o(i.MPU6050_Read_Accel) refers to scalbn.o(x$fpl$scalbn) for __ARM_scalbn
    mpu6050.o(i.MPU6050_Read_Accel) refers to ddiv.o(x$fpl$ddiv) for __aeabi_ddiv
    mpu6050.o(i.MPU6050_Read_All) refers to stm32f1xx_hal_i2c.o(i.HAL_I2C_Mem_Read) for HAL_I2C_Mem_Read
    mpu6050.o(i.MPU6050_Read_All) refers to dflt_clz.o(x$fpl$dflt) for __aeabi_i2d
    mpu6050.o(i.MPU6050_Read_All) refers to scalbn.o(x$fpl$scalbn) for __ARM_scalbn
    mpu6050.o(i.MPU6050_Read_All) refers to ddiv.o(x$fpl$ddiv) for __aeabi_ddiv
    mpu6050.o(i.MPU6050_Read_All) refers to fflt_clz.o(x$fpl$fflt) for __aeabi_i2f
    mpu6050.o(i.MPU6050_Read_All) refers to fdiv.o(x$fpl$fdiv) for __aeabi_fdiv
    mpu6050.o(i.MPU6050_Read_All) refers to faddsub_clz.o(x$fpl$fadd) for __aeabi_fadd
    mpu6050.o(i.MPU6050_Read_All) refers to stm32f1xx_hal.o(i.HAL_GetTick) for HAL_GetTick
    mpu6050.o(i.MPU6050_Read_All) refers to dflt_clz.o(x$fpl$dfltu) for __aeabi_ui2d
    mpu6050.o(i.MPU6050_Read_All) refers to sqrt.o(i.sqrt) for sqrt
    mpu6050.o(i.MPU6050_Read_All) refers to deqf.o(x$fpl$deqf) for __aeabi_cdcmpeq
    mpu6050.o(i.MPU6050_Read_All) refers to atan.o(i.atan) for atan
    mpu6050.o(i.MPU6050_Read_All) refers to dmul.o(x$fpl$dmul) for __aeabi_dmul
    mpu6050.o(i.MPU6050_Read_All) refers to atan2.o(i.atan2) for atan2
    mpu6050.o(i.MPU6050_Read_All) refers to dleqf.o(x$fpl$dleqf) for __aeabi_cdcmple
    mpu6050.o(i.MPU6050_Read_All) refers to drleqf.o(x$fpl$drleqf) for __aeabi_cdrcmple
    mpu6050.o(i.MPU6050_Read_All) refers to mpu6050.o(i.Kalman_getAngle) for Kalman_getAngle
    mpu6050.o(i.MPU6050_Read_All) refers to mpu6050.o(.data) for .data
    mpu6050.o(i.MPU6050_Read_Gyro) refers to stm32f1xx_hal_i2c.o(i.HAL_I2C_Mem_Read) for HAL_I2C_Mem_Read
    mpu6050.o(i.MPU6050_Read_Gyro) refers to dflt_clz.o(x$fpl$dflt) for __aeabi_i2d
    mpu6050.o(i.MPU6050_Read_Gyro) refers to ddiv.o(x$fpl$ddiv) for __aeabi_ddiv
    mpu6050.o(i.MPU6050_Read_Temp) refers to stm32f1xx_hal_i2c.o(i.HAL_I2C_Mem_Read) for HAL_I2C_Mem_Read
    mpu6050.o(i.MPU6050_Read_Temp) refers to fflt_clz.o(x$fpl$fflt) for __aeabi_i2f
[...]
    .ARM.Collect$$rtexit$$00000000           0x0800019c   Section        2  rtexit.o(.ARM.Collect$$rtexit$$00000000)
    .ARM.Collect$$rtexit$$00000002           0x0800019e   Section        0  rtexit2.o(.ARM.Collect$$rtexit$$00000002)
    .ARM.Collect$$rtexit$$00000003           0x0800019e   Section        4  rtexit2.o(.ARM.Collect$$rtexit$$00000003)
    .ARM.Collect$$rtexit$$00000004           0x080001a2   Section        6  rtexit2.o(.ARM.Collect$$rtexit$$00000004)
    .emb_text                                0x080001a8   Section        0  maybetermalloc1.o(.emb_text)
    .text                                    0x080001a8   Section       64  startup_stm32f103xb.o(.text)
    .text                                    0x080001e8   Section        0  h1_alloc.o(.text)
    .text                                    0x08000246   Section        0  h1_free.o(.text)
    .text                                    0x08000294   Section        0  __2sprintf.o(.text)
    .text                                    0x080002c0   Section        0  __printf_flags_ss_wp.o(.text)
    .text                                    0x08000448   Section       78  rt_memclr_w.o(.text)
    .text                                    0x08000498   Section      128  strcmpv7m.o(.text)
    .text                                    0x08000518   Section        0  heapauxi.o(.text)
    .text                                    0x08000520   Section        8  rt_heap_descriptor_intlibspace.o(.text)
    .text                                    0x08000528   Section        0  hguard.o(.text)
    .text                                    0x0800052c   Section        0  init_alloc.o(.text)
    .text                                    0x080005b6   Section        0  h1_init.o(.text)
    .text                                    0x080005c4   Section        0  _rserrno.o(.text)
    .text                                    0x080005da   Section        0  _printf_fp_dec.o(.text)
    _fp_digits                               0x080005dd   Thumb Code   432  _printf_fp_dec.o(.text)
    .text                                    0x080009f8   Section        0  _printf_char_common.o(.text)
    _printf_input_char                       0x080009f9   Thumb Code    10  _printf_char_common.o(.text)
    .text                                    0x08000a28   Section        0  _sputc.o(.text)
    .text                                    0x08000a34   Section        8  libspace.o(.text)
    .text                                    0x08000a3c   Section        8  rt_locale_intlibspace.o(.text)
    .text                                    0x08000a44   Section        8  rt_errno_addr_intlibspace.o(.text)
    .text                                    0x08000a4c   Section        0  h1_extend.o(.text)
    .text                                    0x08000a80   Section      138  lludiv10.o(.text)
    .text                                    0x08000b0c   Section        0  _printf_fp_infnan.o(.text)
    .text                                    0x08000b8c   Section        0  bigflt0.o(.text)
    .text                                    0x08000c70   Section        0  defsig_rtmem_outer.o(.text)
    .text                                    0x08000c7e   Section        2  use_no_semi.o(.text)
    .text                                    0x08000c80   Section       74  sys_stackheap_outer.o(.text)
    .text                                    0x08000c80   Section        0  indicate_semi.o(.text)
    .text                                    0x08000cca   Section        0  exit.o(.text)
    .text                                    0x08000cdc   Section        0  defsig_exit.o(.text)
    .text                                    0x08000ce8   Section        0  defsig_rtmem_inner.o(.text)
    .text                                    0x08000d38   Section        0  sys_exit.o(.text)
    .text                                    0x08000d44   Section        0  defsig_general.o(.text)
    .text                                    0x08000d76   Section        0  sys_wrch.o(.text)
    CL$$btod_d2e                             0x08000d84   Section       62  btod.o(CL$$btod_d2e)
    CL$$btod_d2e_denorm_low                  0x08000dc2   Section       70  btod.o(CL$$btod_d2e_denorm_low)
    CL$$btod_d2e_norm_op1                    0x08000e08   Section       96  btod.o(CL$$btod_d2e_norm_op1)
    CL$$btod_div_common                      0x08000e68   Section      824  btod.o(CL$$btod_div_common)
    CL$$btod_e2e                             0x080011a0   Section      220  btod.o(CL$$btod_e2e)
    CL$$btod_ediv                            0x0800127c   Section       42  btod.o(CL$$btod_ediv)
    CL$$btod_emul                            0x080012a6   Section       42  btod.o(CL$$btod_emul)
    CL$$btod_mult_common                     0x080012d0   Section      580  btod.o(CL$$btod_mult_common)
    i.BusFault_Handler                       0x08001514   Section        0  stm32f1xx_it.o(i.BusFault_Handler)
    i.DebugMon_Handler                       0x08001516   Section        0  stm32f1xx_it.o(i.DebugMon_Handler)
    i.Error_Handler                          0x08001518   Section        0  main.o(i.Error_Handler)
    i.HAL_DMA_Abort                          0x0800151c   Section        0  stm32f1xx_hal_dma.o(i.HAL_DMA_Abort)
    i.HAL_DMA_Abort_IT                       0x08001564   Section        0  stm32f1xx_hal_dma.o(i.HAL_DMA_Abort_IT)
    i.HAL_Delay                              0x080015fc   Section        0  stm32f1xx_hal.o(i.HAL_Delay)
    i.HAL_GPIO_Init                          0x08001620   Section        0  stm32f1xx_hal_gpio.o(i.HAL_GPIO_Init)
    i.HAL_GPIO_TogglePin                     0x08001800   Section        0  stm32f1xx_hal_gpio.o(i.HAL_GPIO_TogglePin)
    i.HAL_GPIO_WritePin                      0x08001810   Section        0  stm32f1xx_hal_gpio.o(i.HAL_GPIO_WritePin)
    i.HAL_GetTick                            0x0800181c   Section        0  stm32f1xx_hal.o(i.HAL_GetTick)
    i.HAL_I2C_Init                           0x08001828   Section        0  stm32f1xx_hal_i2c.o(i.HAL_I2C_Init)
    i.HAL_I2C_Master_Transmit                0x080019b0   Section        0  stm32f1xx_hal_i2c.o(i.HAL_I2C_Master_Transmit)
    i.HAL_I2C_Mem_Read                       0x08001adc   Section        0  stm32f1xx_hal_i2c.o(i.HAL_I2C_Mem_Read)
    i.HAL_I2C_Mem_Write                      0x08001d2c   Section        0  stm32f1xx_hal_i2c.o(i.HAL_I2C_Mem_Write)
    i.HAL_I2C_MspInit                        0x08001e5c   Section        0  i2c.o(i.HAL_I2C_MspInit)
    i.HAL_IncTick                            0x08001ef4   Section        0  stm32f1xx_hal.o(i.HAL_IncTick)
    i.HAL_Init                               0x08001f04   Section        0  stm32f1xx_hal.o(i.HAL_Init)
    i.HAL_InitTick                           0x08001f28   Section        0  stm32f1xx_hal.o(i.HAL_InitTick)
    i.HAL_MspInit                            0x08001f68   Section        0  stm32f1xx_hal_msp.o(i.HAL_MspInit)
    i.HAL_NVIC_EnableIRQ                     0x08001fa4   Section        0  stm32f1xx_hal_cortex.o(i.HAL_NVIC_EnableIRQ)
    i.HAL_NVIC_SetPriority                   0x08001fc0   Section        0  stm32f1xx_hal_cortex.o(i.HAL_NVIC_SetPriority)
    i.HAL_NVIC_SetPriorityGrouping           0x08002000   Section        0  stm32f1xx_hal_cortex.o(i.HAL_NVIC_SetPriorityGrouping)
    i.HAL_RCC_ClockConfig                    0x08002024   Section        0  stm32f1xx_hal_rcc.o(i.HAL_RCC_ClockConfig)
    i.HAL_RCC_GetPCLK1Freq                   0x08002150   Section        0  stm32f1xx_hal_rcc.o(i.HAL_RCC_GetPCLK1Freq)
    i.HAL_RCC_GetPCLK2Freq                   0x08002170   Section        0  stm32f1xx_hal_rcc.o(i.HAL_RCC_GetPCLK2Freq)
    i.HAL_RCC_GetSysClockFreq                0x08002190   Section        0  stm32f1xx_hal_rcc.o(i.HAL_RCC_GetSysClockFreq)
    i.HAL_RCC_OscConfig                      0x080021dc   Section        0  stm32f1xx_hal_rcc.o(i.HAL_RCC_OscConfig)
    i.HAL_SYSTICK_Config                     0x080024fc   Section        0  stm32f1xx_hal_cortex.o(i.HAL_SYSTICK_Config)
    i.HAL_UARTEx_RxEventCallback             0x08002524   Section        0  stm32f1xx_hal_uart.o(i.HAL_UARTEx_RxEventCallback)
    i.HAL_UART_ErrorCallback                 0x08002526   Section        0  stm32f1xx_hal_uart.o(i.HAL_UART_ErrorCallback)
    i.HAL_UART_IRQHandler                    0x08002528   Section        0  stm32f1xx_hal_uart.o(i.HAL_UART_IRQHandler)
    i.HAL_UART_Init                          0x08002794   Section        0  stm32f1xx_hal_uart.o(i.HAL_UART_Init)
    i.HAL_UART_MspInit                       0x080027f8   Section        0  usart.o(i.HAL_UART_MspInit)
    i.HAL_UART_RxCpltCallback                0x08002878   Section        0  stm32f1xx_hal_uart.o(i.HAL_UART_RxCpltCallback)
    i.HAL_UART_TxCpltCallback                0x0800287a   Section        0  stm32f1xx_hal_uart.o(i.HAL_UART_TxCpltCallback)
    i.HardFault_Handler                      0x0800287c   Section        0  stm32f1xx_it.o(i.HardFault_Handler)
    i.I2C_IsAcknowledgeFailed                0x0800287e   Section        0  stm32f1xx_hal_i2c.o(i.I2C_IsAcknowledgeFailed)
    I2C_IsAcknowledgeFailed                  0x0800287f   Thumb Code    46  stm32f1xx_hal_i2c.o(i.I2C_IsAcknowledgeFailed)
    i.I2C_MasterRequestWrite                 0x080028ac   Section        0  stm32f1xx_hal_i2c.o(i.I2C_MasterRequestWrite)
    I2C_MasterRequestWrite                   0x080028ad   Thumb Code   150  stm32f1xx_hal_i2c.o(i.I2C_MasterRequestWrite)
    i.I2C_RequestMemoryRead                  0x08002948   Section        0  stm32f1xx_hal_i2c.o(i.I2C_RequestMemoryRead)
    I2C_RequestMemoryRead                    0x08002949   Thumb Code   246  stm32f1xx_hal_i2c.o(i.I2C_RequestMemoryRead)
    i.I2C_RequestMemoryWrite                 0x08002a44   Section        0  stm32f1xx_hal_i2c.o(i.I2C_RequestMemoryWrite)
    I2C_RequestMemoryWrite                   0x08002a45   Thumb Code   162  stm32f1xx_hal_i2c.o(i.I2C_RequestMemoryWrite)
    i.I2C_WaitOnBTFFlagUntilTimeout          0x08002aec   Section        0  stm32f1xx_hal_i2c.o(i.I2C_WaitOnBTFFlagUntilTimeout)
    I2C_WaitOnBTFFlagUntilTimeout            0x08002aed   Thumb Code    86  stm32f1xx_hal_i2c.o(i.I2C_WaitOnBTFFlagUntilTimeout)
    i.I2C_WaitOnFlagUntilTimeout             0x08002b44   Section        0  stm32f1xx_hal_i2c.o(i.I2C_WaitOnFlagUntilTimeout)
    I2C_WaitOnFlagUntilTimeout               0x08002b45   Thumb Code   144  stm32f1xx_hal_i2c.o(i.I2C_WaitOnFlagUntilTimeout)
    i.I2C_WaitOnMasterAddressFlagUntilTimeout 0x08002bd4   Section        0  stm32f1xx_hal_i2c.o(i.I2C_WaitOnMasterAddressFlagUntilTimeout)
    I2C_WaitOnMasterAddressFlagUntilTimeout  0x08002bd5   Thumb Code   188  stm32f1xx_hal_i2c.o(i.I2C_WaitOnMasterAddressFlagUntilTimeout)
    i.I2C_WaitOnRXNEFlagUntilTimeout         0x08002c90   Section        0  stm32f1xx_hal_i2c.o(i.I2C_WaitOnRXNEFlagUntilTimeout)
    I2C_WaitOnRXNEFlagUntilTimeout           0x08002c91   Thumb Code   112  stm32f1xx_hal_i2c.o(i.I2C_WaitOnRXNEFlagUntilTimeout)
    i.I2C_WaitOnTXEFlagUntilTimeout          0x08002d00   Section        0  stm32f1xx_hal_i2c.o(i.I2C_WaitOnTXEFlagUntilTimeout)
    I2C_WaitOnTXEFlagUntilTimeout            0x08002d01   Thumb Code    86  stm32f1xx_hal_i2c.o(i.I2C_WaitOnTXEFlagUntilTimeout)
    i.Kalman_getAngle                        0x08002d56   Section        0  mpu6050.o(i.Kalman_getAngle)
    i.MPU6050_Init                           0x08002ee2   Section        0  mpu6050.o(i.MPU6050_Init)
    i.MPU6050_Read_All                       0x08002f74   Section        0  mpu6050.o(i.MPU6050_Read_All)
    i.MX_GPIO_Init                           0x080031b4   Section        0  gpio.o(i.MX_GPIO_Init)
    i.MX_I2C1_Init                           0x08003234   Section        0  i2c.o(i.MX_I2C1_Init)
    i.MX_I2C2_Init                           0x08003274   Section        0  i2c.o(i.MX_I2C2_Init)
    i.MX_USART1_UART_Init                    0x080032b4   Section        0  usart.o(i.MX_USART1_UART_Init)
    i.MemManage_Handler                      0x080032ec   Section        0  stm32f1xx_it.o(i.MemManage_Handler)
    i.NMI_Handler                            0x080032ee   Section        0  stm32f1xx_it.o(i.NMI_Handler)
    i.OLED_Clear                             0x080032f0   Section        0  oled.o(i.OLED_Clear)
    i.OLED_ClearArea                         0x08003318   Section        0  oled.o(i.OLED_ClearArea)
    i.OLED_GPIO_Init                         0x0800337c   Section        0  oled.o(i.OLED_GPIO_Init)
    i.OLED_Init                              0x08003392   Section        0  oled.o(i.OLED_Init)
    i.OLED_SetCursor                         0x0800342e   Section        0  oled.o(i.OLED_SetCursor)
    i.OLED_ShowChar                          0x08003450   Section        0  oled.o(i.OLED_ShowChar)
    i.OLED_ShowImage                         0x0800348c   Section        0  oled.o(i.OLED_ShowImage)
    i.OLED_ShowString                        0x0800353c   Section        0  oled.o(i.OLED_ShowString)
    i.OLED_Update                            0x08003568   Section        0  oled.o(i.OLED_Update)
    i.OLED_WriteCommand                      0x08003590   Section        0  oled.o(i.OLED_WriteCommand)
    i.OLED_WriteData                         0x080035b0   Section        0  oled.o(i.OLED_WriteData)
    i.PendSV_Handler                         0x080035f4   Section        0  stm32f1xx_it.o(i.PendSV_Handler)
    i.SVC_Handler                            0x080035f6   Section        0  stm32f1xx_it.o(i.SVC_Handler)
    i.SysTick_Handler                        0x080035f8   Section        0  stm32f1xx_it.o(i.SysTick_Handler)
    i.SystemClock_Config                     0x080035fc   Section        0  main.o(i.SystemClock_Config)
    i.SystemInit                             0x0800365a   Section        0  system_stm32f1xx.o(i.SystemInit)
    i.UART_DMAAbortOnError                   0x0800365c   Section        0  stm32f1xx_hal_uart.o(i.UART_DMAAbortOnError)
    UART_DMAAbortOnError                     0x0800365d   Thumb Code    16  stm32f1xx_hal_uart.o(i.UART_DMAAbortOnError)
    i.UART_EndRxTransfer                     0x0800366c   Section        0  stm32f1xx_hal_uart.o(i.UART_EndRxTransfer)
    UART_EndRxTransfer                       0x0800366d   Thumb Code    78  stm32f1xx_hal_uart.o(i.UART_EndRxTransfer)
    i.UART_Receive_IT                        0x080036ba   Section        0  stm32f1xx_hal_uart.o(i.UART_Receive_IT)
    UART_Receive_IT                          0x080036bb   Thumb Code   194  stm32f1xx_hal_uart.o(i.UART_Receive_IT)
    i.UART_SetConfig                         0x0800377c   Section        0  stm32f1xx_hal_uart.o(i.UART_SetConfig)
    UART_SetConfig                           0x0800377d   Thumb Code   178  stm32f1xx_hal_uart.o(i.UART_SetConfig)
    i.USART1_IRQHandler                      0x08003834   Section        0  stm32f1xx_it.o(i.USART1_IRQHandler)
    i.UsageFault_Handler                     0x08003840   Section        0  stm32f1xx_it.o(i.UsageFault_Handler)
    i.__ARM_fpclassify                       0x08003842   Section        0  fpclassify.o(i.__ARM_fpclassify)
    i.__NVIC_SetPriority                     0x0800386a   Section        0  stm32f1xx_hal_cortex.o(i.__NVIC_SetPriority)
    __NVIC_SetPriority                       0x0800386b   Thumb Code    32  stm32f1xx_hal_cortex.o(i.__NVIC_SetPriority)
    i.__kernel_poly                          0x0800388a   Section        0  poly.o(i.__kernel_poly)
    i.__mathlib_dbl_infnan                   0x08003934   Section        0  dunder.o(i.__mathlib_dbl_infnan)
    i.__mathlib_dbl_infnan2                  0x0800393a   Section        0  dunder.o(i.__mathlib_dbl_infnan2)
    i.__mathlib_dbl_underflow                0x08003940   Section        0  dunder.o(i.__mathlib_dbl_underflow)
    i._is_digit                              0x08003950   Section        0  __printf_wp.o(i._is_digit)
    i.atan                                   0x08003960   Section        0  atan.o(i.atan)
    i.atan2                                  0x08003b80   Section        0  atan2.o(i.atan2)
    i.main                                   0x08003d1c   Section        0  main.o(i.main)
    i.sqrt                                   0x08003df0   Section        0  sqrt.o(i.sqrt)
    locale$$code                             0x08003e3c   Section       44  lc_numeric_c.o(locale$$code)
    x$fpl$dadd                               0x08003e68   Section      336  daddsub_clz.o(x$fpl$dadd)
    _dadd1                                   0x08003e79   Thumb Code     0  daddsub_clz.o(x$fpl$dadd)
    x$fpl$dcheck1                            0x08003fb8   Section       16  dcheck1.o(x$fpl$dcheck1)
    x$fpl$dcmpinf                            0x08003fc8   Section       24  dcmpi.o(x$fpl$dcmpinf)
    x$fpl$ddiv                               0x08003fe0   Section      688  ddiv.o(x$fpl$ddiv)
    ddiv_entry                               0x08003fe7   Thumb Code     0  ddiv.o(x$fpl$ddiv)
    x$fpl$deqf                               0x08004290   Section      120  deqf.o(x$fpl$deqf)
    x$fpl$dflt                               0x08004308   Section       46  dflt_clz.o(x$fpl$dflt)
    x$fpl$dfltu                              0x08004336   Section       38  dflt_clz.o(x$fpl$dfltu)
    x$fpl$dleqf                              0x0800435c   Section      120  dleqf.o(x$fpl$dleqf)
    x$fpl$dmul                               0x080043d4   Section      340  dmul.o(x$fpl$dmul)
    x$fpl$dnaninf                            0x08004528   Section      156  dnaninf.o(x$fpl$dnaninf)
    x$fpl$dretinf                            0x080045c4   Section       12  dretinf.o(x$fpl$dretinf)
    x$fpl$drleqf                             0x080045d0   Section      108  drleqf.o(x$fpl$drleqf)
    x$fpl$drsb                               0x0800463c   Section       22  daddsub_clz.o(x$fpl$drsb)
    x$fpl$dsqrt                              0x08004654   Section      460  dsqrt_noumaal.o(x$fpl$dsqrt)
    x$fpl$dsub                               0x08004820   Section      468  daddsub_clz.o(x$fpl$dsub)
    _dsub1                                   0x08004831   Thumb Code     0  daddsub_clz.o(x$fpl$dsub)
    x$fpl$fadd                               0x080049f4   Section      196  faddsub_clz.o(x$fpl$fadd)
    _fadd1                                   0x08004a03   Thumb Code     0  faddsub_clz.o(x$fpl$fadd)
    x$fpl$fdiv                               0x08004ab8   Section      388  fdiv.o(x$fpl$fdiv)
    _fdiv1                                   0x08004ab9   Thumb Code     0  fdiv.o(x$fpl$fdiv)
    x$fpl$fflt                               0x08004c3c   Section       48  fflt_clz.o(x$fpl$fflt)
    x$fpl$fnaninf                            0x08004c6c   Section      140  fnaninf.o(x$fpl$fnaninf)
    x$fpl$fretinf                            0x08004cf8   Section       10  fretinf.o(x$fpl$fretinf)
    x$fpl$fsub                               0x08004d04   Section      234  faddsub_clz.o(x$fpl$fsub)
    _fsub1                                   0x08004d13   Thumb Code     0  faddsub_clz.o(x$fpl$fsub)
    x$fpl$printf1                            0x08004dee   Section        4  printf1.o(x$fpl$printf1)
    x$fpl$retnan                             0x08004df2   Section      100  retnan.o(x$fpl$retnan)
    x$fpl$scalbn                             0x08004e56   Section       92  scalbn.o(x$fpl$scalbn)
    x$fpl$trapveneer                         0x08004eb2   Section       48  trapv.o(x$fpl$trapveneer)
    .constdata                               0x08004ee2   Section       18  stm32f1xx_hal_rcc.o(.constdata)
    x$fpl$usenofp                            0x08004ee2   Section        0  usenofp.o(x$fpl$usenofp)
    aPredivFactorTable                       0x08004ee2   Data           2  stm32f1xx_hal_rcc.o(.constdata)
    aPLLMULFactorTable                       0x08004ee4   Data          16  stm32f1xx_hal_rcc.o(.constdata)
    .constdata                               0x08004ef4   Section       16  system_stm32f1xx.o(.constdata)
    .constdata                               0x08004f04   Section        8  system_stm32f1xx.o(.constdata)
    .constdata                               0x08004f0c   Section     1520  oled_data.o(.constdata)
    .constdata                               0x080054fc   Section      570  oled_data.o(.constdata)
    .constdata                               0x08005736   Section       17  __printf_flags_ss_wp.o(.constdata)
    maptable                                 0x08005736   Data          17  __printf_flags_ss_wp.o(.constdata)
    .constdata                               0x08005748   Section      152  atan.o(.constdata)
    atanhi                                   0x08005748   Data          32  atan.o(.constdata)
    atanlo                                   0x08005768   Data          32  atan.o(.constdata)
    aTodd                                    0x08005788   Data          40  atan.o(.constdata)
    aTeven                                   0x080057b0   Data          48  atan.o(.constdata)
    .constdata                               0x080057e0   Section        8  qnan.o(.constdata)
    .constdata                               0x080057e8   Section      148  bigflt0.o(.constdata)
    tenpwrs_x                                0x080057e8   Data          60  bigflt0.o(.constdata)
    tenpwrs_i                                0x08005824   Data          64  bigflt0.o(.constdata)
    locale$$data                             0x0800589c   Section       28  lc_numeric_c.o(locale$$data)
    __lcnum_c_name                           0x080058a0   Data           2  lc_numeric_c.o(locale$$data)
    __lcnum_c_start                          0x080058a8   Data           0  lc_numeric_c.o(locale$$data)
    __lcnum_c_point                          0x080058b4   Data           0  lc_numeric_c.o(locale$$data)
    __lcnum_c_thousands                      0x080058b6   Data           0  lc_numeric_c.o(locale$$data)
    __lcnum_c_grouping                       0x080058b7   Data           0  lc_numeric_c.o(locale$$data)
    __lcnum_c_end                            0x080058b8   Data           0  lc_numeric_c.o(locale$$data)
    .data                                    0x20000000   Section      152  mpu6050.o(.data)
    .data                                    0x20000098   Section       12  stm32f1xx_hal.o(.data)
    .data                                    0x200000a4   Section        4  system_stm32f1xx.o(.data)
    .bss                                     0x200000a8   Section       88  main.o(.bss)
    .bss                                     0x20000100   Section      168  i2c.o(.bss)
    .bss                                     0x200001a8   Section       72  usart.o(.bss)
    .bss                                     0x200001f0   Section     1024  oled.o(.bss)
    .bss                                     0x200005f0   Section       96  libspace.o(.bss)
    HEAP                                     0x20000650   Section      512  startup_stm32f103xb.o(HEAP)
    Heap_Mem                                 0x20000650   Data         512  startup_stm32f103xb.o(HEAP)
    STACK                                    0x20000850   Section     1024  startup_stm32f103xb.o(STACK)
    Stack_Mem                                0x20000850   Data        1024  startup_stm32f103xb.o(STACK)
    __initial_sp                             0x20000c50   Data           0  startup_stm32f103xb.o(STACK)

    Global Symbols

    Symbol Name                              Value     Ov Type        Size  Object(Section)

    BuildAttributes$$THM_ISAv4$P$D$K$B$S$PE$A:L22UL41UL21$X:L11$S22US41US21$IEEE1$IW$USESV6$~STKCKD$USESV7$~SHL$OTIME$ROPI$IEEEX$EBA8$UX$STANDARDLIB$REQ8$PRES8$EABIv2 0x00000000   Number         0  anon$$obj.o ABSOLUTE
    __ARM_use_no_argv                        0x00000000   Number         0  main.o ABSOLUTE
    _printf_flags                            0x00000000   Number         0  printf_stubs.o ABSOLUTE
    _printf_return_value                     0x00000000   Number         0  printf_stubs.o ABSOLUTE
    _printf_sizespec                         0x00000000   Number         0  printf_stubs.o ABSOLUTE
    _printf_widthprec                        0x00000000   Number         0  printf_stubs.o ABSOLUTE
    __ARM_exceptions_init                     - Undefined Weak Reference
    __alloca_initialize                       - Undefined Weak Reference
    __arm_fini_                               - Undefined Weak Reference
    __arm_preinit_                            - Undefined Weak Reference
    __cpp_initialize__aeabi_                  - Undefined Weak Reference
    __cxa_finalize                            - Undefined Weak Reference
    __sigvec_lookup                           - Undefined Weak Reference
    __user_heap_extent                        - Undefined Weak Reference
    _atexit_init                              - Undefined Weak Reference
    _call_atexit_fns                          - Undefined Weak Reference
    _clock_init                               - Undefined Weak Reference
    _fp_trap_init                             - Undefined Weak Reference
    _fp_trap_shutdown                         - Undefined Weak Reference
    _get_lc_collate                           - Undefined Weak Reference
    _get_lc_monetary                          - Undefined Weak Reference
    _get_lc_time                              - Undefined Weak Reference
    _getenv_init                              - Undefined Weak Reference
    _handle_redirection                       - Undefined Weak Reference
    _initio                                   - Undefined Weak Reference
    _mutex_acquire                            - Undefined Weak Reference
    _mutex_free                               - Undefined Weak Reference
    _mutex_release                            - Undefined Weak Reference
    _printf_mbtowc                            - Undefined Weak Reference
    _printf_wc                                - Undefined Weak Reference
    _rand_init                                - Undefined Weak Reference
    _signal_finish                            - Undefined Weak Reference
    _signal_init                              - Undefined Weak Reference
    _terminateio                              - Undefined Weak Reference
    __Vectors_Size                           0x000000ec   Number         0  startup_stm32f103xb.o ABSOLUTE
    __Vectors                                0x08000000   Data           4  startup_stm32f103xb.o(RESET)
    __Vectors_End                            0x080000ec   Data           0  startup_stm32f103xb.o(RESET)
    __main                                   0x080000ed   Thumb Code     8  __main.o(!!!main)
    __scatterload                            0x080000f5   Thumb Code     0  __scatter.o(!!!scatter)
    __scatterload_rt2                        0x080000f5   Thumb Code    44  __scatter.o(!!!scatter)
    __scatterload_rt2_thumb_only             0x080000f5   Thumb Code     0  __scatter.o(!!!scatter)
    __scatterload_null                       0x08000103   Thumb Code     0  __scatter.o(!!!scatter)
    __scatterload_copy                       0x08000129   Thumb Code    26  __scatter_copy.o(!!handler_copy)
    __scatterload_zeroinit                   0x08000145   Thumb Code    28  __scatter_zi.o(!!handler_zi)
    _printf_f                                0x08000161   Thumb Code     0  _printf_f.o(.ARM.Collect$$_printf_percent$$00000003)
    _printf_percent                          0x08000161   Thumb Code     0  _printf_percent.o(.ARM.Collect$$_printf_percent$$00000000)
    _printf_percent_end                      0x08000167   Thumb Code     0  _printf_percent_end.o(.ARM.Collect$$_printf_percent$$00000017)
    __rt_lib_init                            0x0800016b   Thumb Code     0  libinit.o(.ARM.Collect$$libinit$$00000000)
    __rt_lib_init_fp_1                       0x0800016d   Thumb Code     0  libinit2.o(.ARM.Collect$$libinit$$00000002)
    __rt_lib_init_heap_2                     0x0800016d   Thumb Code     0  libinit2.o(.ARM.Collect$$libinit$$00000005)
    __rt_lib_init_preinit_1                  0x0800016d   Thumb Code     0  libinit2.o(.ARM.Collect$$libinit$$00000004)
    __rt_lib_init_heap_1                     0x08000175   Thumb Code     0  libinit2.o(.ARM.Collect$$libinit$$0000000A)
    __rt_lib_init_lc_common                  0x08000175   Thumb Code     0  libinit2.o(.ARM.Collect$$libinit$$0000000F)
    __rt_lib_init_rand_1                     0x08000175   Thumb Code     0  libinit2.o(.ARM.Collect$$libinit$$0000000E)
    __rt_lib_init_user_alloc_1               0x08000175   Thumb Code     0  libinit2.o(.ARM.Collect$$libinit$$0000000C)
    __rt_lib_init_lc_collate_1               0x0800017b   Thumb Code     0  libinit2.o(.ARM.Collect$$libinit$$00000011)
    __rt_lib_init_lc_ctype_1                 0x0800017b   Thumb Code     0  libinit2.o(.ARM.Collect$$libinit$$00000013)
    __rt_lib_init_lc_monetary_1              0x0800017b   Thumb Code     0  libinit2.o(.ARM.Collect$$libinit$$00000015)
    __rt_lib_init_lc_numeric_2               0x0800017b   Thumb Code     0  libinit2.o(.ARM.Collect$$libinit$$00000016)
    __rt_lib_init_alloca_1                   0x08000185   Thumb Code     0  libinit2.o(.ARM.Collect$$libinit$$0000002E)
    __rt_lib_init_argv_1                     0x08000185   Thumb Code     0  libinit2.o(.ARM.Collect$$libinit$$0000002C)
    __rt_lib_init_atexit_1                   0x08000185   Thumb Code     0  libinit2.o(.ARM.Collect$$libinit$$0000001B)
    __rt_lib_init_clock_1                    0x08000185   Thumb Code     0  libinit2.o(.ARM.Collect$$libinit$$00000021)
    __rt_lib_init_cpp_1                      0x08000185   Thumb Code     0  libinit2.o(.ARM.Collect$$libinit$$00000032)
    __rt_lib_init_exceptions_1               0x08000185   Thumb Code     0  libinit2.o(.ARM.Collect$$libinit$$00000030)
    __rt_lib_init_fp_trap_1                  0x08000185   Thumb Code     0  libinit2.o(.ARM.Collect$$libinit$$0000001F)
    __rt_lib_init_getenv_1                   0x08000185   Thumb Code     0  libinit2.o(.ARM.Collect$$libinit$$00000023)
    __rt_lib_init_lc_numeric_1               0x08000185   Thumb Code     0  libinit2.o(.ARM.Collect$$libinit$$00000017)
    __rt_lib_init_lc_time_1                  0x08000185   Thumb Code     0  libinit2.o(.ARM.Collect$$libinit$$00000019)
    __rt_lib_init_return                     0x08000185   Thumb Code     0  libinit2.o(.ARM.Collect$$libinit$$00000033)
    __rt_lib_init_signal_1                   0x08000185   Thumb Code     0  libinit2.o(.ARM.Collect$$libinit$$0000001D)
    __rt_lib_init_stdio_1                    0x08000185   Thumb Code     0  libinit2.o(.ARM.Collect$$libinit$$00000025)
    __rt_lib_shutdown                        0x08000187   Thumb Code     0  libshutdown.o(.ARM.Collect$$libshutdown$$00000000)
    __rt_lib_shutdown_cpp_1                  0x08000189   Thumb Code     0  libshutdown2.o(.ARM.Collect$$libshutdown$$00000004)
    __rt_lib_shutdown_fini_1                 0x08000189   Thumb Code     0  libshutdown2.o(.ARM.Collect$$libshutdown$$00000002)
    __rt_lib_shutdown_fp_trap_1              0x08000189   Thumb Code     0  libshutdown2.o(.ARM.Collect$$libshutdown$$00000009)
    __rt_lib_shutdown_heap_1                 0x08000189   Thumb Code     0  libshutdown2.o(.ARM.Collect$$libshutdown$$00000011)
    __rt_lib_shutdown_return                 0x08000189   Thumb Code     0  libshutdown2.o(.ARM.Collect$$libshutdown$$00000012)
    __rt_lib_shutdown_signal_1               0x08000189   Thumb Code     0  libshutdown2.o(.ARM.Collect$$libshutdown$$0000000C)
    __rt_lib_shutdown_stdio_1                0x08000189   Thumb Code     0  libshutdown2.o(.ARM.Collect$$libshutdown$$00000006)
    __rt_lib_shutdown_user_alloc_1           0x08000189   Thumb Code     0  libshutdown2.o(.ARM.Collect$$libshutdown$$0000000E)
    __rt_entry                               0x0800018b   Thumb Code     0  __rtentry.o(.ARM.Collect$$rtentry$$00000000)
    __rt_entry_presh_1                       0x0800018b   Thumb Code     0  __rtentry2.o(.ARM.Collect$$rtentry$$00000002)
    __rt_entry_sh                            0x0800018b   Thumb Code     0  __rtentry4.o(.ARM.Collect$$rtentry$$00000004)
    __rt_entry_li                            0x08000191   Thumb Code     0  __rtentry2.o(.ARM.Collect$$rtentry$$0000000A)
    __rt_entry_postsh_1                      0x08000191   Thumb Code     0  __rtentry2.o(.ARM.Collect$$rtentry$$00000009)
    __rt_entry_main                          0x08000195   Thumb Code     0  __rtentry2.o(.ARM.Collect$$rtentry$$0000000D)
    __rt_entry_postli_1                      0x08000195   Thumb Code     0  __rtentry2.o(.ARM.Collect$$rtentry$$0000000C)
    __rt_exit                                0x0800019d   Thumb Code     0  rtexit.o(.ARM.Collect$$rtexit$$00000000)
    __rt_exit_ls                             0x0800019f   Thumb Code     0  rtexit2.o(.ARM.Collect$$rtexit$$00000003)
    __rt_exit_prels_1                        0x0800019f   Thumb Code     0  rtexit2.o(.ARM.Collect$$rtexit$$00000002)
    __rt_exit_exit                           0x080001a3   Thumb Code     0  rtexit2.o(.ARM.Collect$$rtexit$$00000004)
    Reset_Handler                            0x080001a9   Thumb Code     8  startup_stm32f103xb.o(.text)
    _maybe_terminate_alloc                   0x080001a9   Thumb Code     0  maybetermalloc1.o(.emb_text)
    ADC1_2_IRQHandler                        0x080001c3   Thumb Code     0  startup_stm32f103xb.o(.text)
    CAN1_RX1_IRQHandler                      0x080001c3   Thumb Code     0  startup_stm32f103xb.o(.text)
    CAN1_SCE_IRQHandler                      0x080001c3   Thumb Code     0  startup_stm32f103xb.o(.text)
    DMA1_Channel1_IRQHandler                 0x080001c3   Thumb Code     0  startup_stm32f103xb.o(.text)
    DMA1_Channel2_IRQHandler                 0x080001c3   Thumb Code     0  startup_stm32f103xb.o(.text)
    DMA1_Channel3_IRQHandler                 0x080001c3   Thumb Code     0  startup_stm32f103xb.o(.text)
    DMA1_Channel4_IRQHandler                 0x080001c3   Thumb Code     0  startup_stm32f103xb.o(.text)
    DMA1_Channel5_IRQHandler                 0x080001c3   Thumb Code     0  startup_stm32f103xb.o(.text)
    DMA1_Channel6_IRQHandler                 0x080001c3   Thumb Code     0  startup_stm32f103xb.o(.text)
    DMA1_Channel7_IRQHandler                 0x080001c3   Thumb Code     0  startup_stm32f103xb.o(.text)
    EXTI0_IRQHandler                         0x080001c3   Thumb Code     0  startup_stm32f103xb.o(.text)
    EXTI15_10_IRQHandler                     0x080001c3   Thumb Code     0  startup_stm32f103xb.o(.text)
    EXTI1_IRQHandler                         0x080001c3   Thumb Code     0  startup_stm32f103xb.o(.text)
    EXTI2_IRQHandler                         0x080001c3   Thumb Code     0  startup_stm32f103xb.o(.text)
    EXTI3_IRQHandler                         0x080001c3   Thumb Code     0  startup_stm32f103xb.o(.text)
    EXTI4_IRQHandler                         0x080001c3   Thumb Code     0  startup_stm32f103xb.o(.text)
    EXTI9_5_IRQHandler                       0x080001c3   Thumb Code     0  startup_stm32f103xb.o(.text)
    FLASH_IRQHandler                         0x080001c3   Thumb Code     0  startup_stm32f103xb.o(.text)
    I2C1_ER_IRQHandler                       0x080001c3   Thumb Code     0  startup_stm32f103xb.o(.text)
    I2C1_EV_IRQHandler                       0x080001c3   Thumb Code     0  startup_stm32f103xb.o(.text)
    I2C2_ER_IRQHandler                       0x080001c3   Thumb Code     0  startup_stm32f103xb.o(.text)
    I2C2_EV_IRQHandler                       0x080001c3   Thumb Code     0  startup_stm32f103xb.o(.text)
    PVD_IRQHandler                           0x080001c3   Thumb Code     0  startup_stm32f103xb.o(.text)
    RCC_IRQHandler                           0x080001c3   Thumb Code     0  startup_stm32f103xb.o(.text)
    RTC_Alarm_IRQHandler                     0x080001c3   Thumb Code     0  startup_stm32f103xb.o(.text)
    RTC_IRQHandler                           0x080001c3   Thumb Code     0  startup_stm32f103xb.o(.text)
    SPI1_IRQHandler                          0x080001c3   Thumb Code     0  startup_stm32f103xb.o(.text)
    SPI2_IRQHandler                          0x080001c3   Thumb Code     0  startup_stm32f103xb.o(.text)
    TAMPER_IRQHandler                        0x080001c3   Thumb Code     0  startup_stm32f103xb.o(.text)
    TIM1_BRK_IRQHandler                      0x080001c3   Thumb Code     0  startup_stm32f103xb.o(.text)
    TIM1_CC_IRQHandler                       0x080001c3   Thumb Code     0  startup_stm32f103xb.o(.text)
    TIM1_TRG_COM_IRQHandler                  0x080001c3   Thumb Code     0  startup_stm32f103xb.o(.text)
    TIM1_UP_IRQHandler                       0x080001c3   Thumb Code     0  startup_stm32f103xb.o(.text)
    TIM2_IRQHandler                          0x080001c3   Thumb Code     0  startup_stm32f103xb.o(.text)
    TIM3_IRQHandler                          0x080001c3   Thumb Code     0  startup_stm32f103xb.o(.text)
    TIM4_IRQHandler                          0x080001c3   Thumb Code     0  startup_stm32f103xb.o(.text)
    USART2_IRQHandler                        0x080001c3   Thumb Code     0  startup_stm32f103xb.o(.text)
    USART3_IRQHandler                        0x080001c3   Thumb Code     0  startup_stm32f103xb.o(.text)
    USBWakeUp_IRQHandler                     0x080001c3   Thumb Code     0  startup_stm32f103xb.o(.text)
    USB_HP_CAN1_TX_IRQHandler                0x080001c3   Thumb Code     0  startup_stm32f103xb.o(.text)
    USB_LP_CAN1_RX0_IRQHandler               0x080001c3   Thumb Code     0  startup_stm32f103xb.o(.text)
    WWDG_IRQHandler                          0x080001c3   Thumb Code     0  startup_stm32f103xb.o(.text)
    __user_initial_stackheap                 0x080001c5   Thumb Code     0  startup_stm32f103xb.o(.text)
    malloc                                   0x080001e9   Thumb Code    94  h1_alloc.o(.text)
    free                                     0x08000247   Thumb Code    78  h1_free.o(.text)
    __2sprintf                               0x08000295   Thumb Code    38  __2sprintf.o(.text)
    __printf                                 0x080002c1   Thumb Code   388  __printf_flags_ss_wp.o(.text)
    __aeabi_memclr4                          0x08000449   Thumb Code     0  rt_memclr_w.o(.text)
    __aeabi_memclr8                          0x08000449   Thumb Code     0  rt_memclr_w.o(.text)
    __rt_memclr_w                            0x08000449   Thumb Code    78  rt_memclr_w.o(.text)
    _memset_w                                0x0800044d   Thumb Code     0  rt_memclr_w.o(.text)
    strcmp                                   0x08000499   Thumb Code   128  strcmpv7m.o(.text)
    __use_two_region_memory                  0x08000519   Thumb Code     2  heapauxi.o(.text)
    __rt_heap_escrow                         0x0800051b   Thumb Code     2  heapauxi.o(.text)
    __rt_heap_expand                         0x0800051d   Thumb Code     2  heapauxi.o(.text)
    __rt_heap_descriptor                     0x08000521   Thumb Code     8  rt_heap_descriptor_intlibspace.o(.text)
    __use_no_heap                            0x08000529   Thumb Code     2  hguard.o(.text)
    __heap$guard                             0x0800052b   Thumb Code     2  hguard.o(.text)
    _terminate_user_alloc                    0x0800052d   Thumb Code     2  init_alloc.o(.text)
    _init_user_alloc                         0x0800052f   Thumb Code     2  init_alloc.o(.text)
    __Heap_Full                              0x08000531   Thumb Code    34  init_alloc.o(.text)
    __Heap_Broken                            0x08000553   Thumb Code     6  init_alloc.o(.text)
    _init_alloc                              0x08000559   Thumb Code    94  init_alloc.o(.text)
    __Heap_Initialize                        0x080005b7   Thumb Code    10  h1_init.o(.text)
    __Heap_DescSize                          0x080005c1   Thumb Code     4  h1_init.o(.text)
    __read_errno                             0x080005c5   Thumb Code    10  _rserrno.o(.text)
    __set_errno                              0x080005cf   Thumb Code    12  _rserrno.o(.text)
    __lib_sel_fp_printf                      0x080005db   Thumb Code     2  _printf_fp_dec.o(.text)
    _printf_fp_dec_real                      0x0800078d   Thumb Code   620  _printf_fp_dec.o(.text)
    _printf_char_common                      0x08000a03   Thumb Code    32  _printf_char_common.o(.text)
    _sputc                                   0x08000a29   Thumb Code    10  _sputc.o(.text)
    __user_libspace                          0x08000a35   Thumb Code     8  libspace.o(.text)
    __user_perproc_libspace                  0x08000a35   Thumb Code     0  libspace.o(.text)
    __user_perthread_libspace                0x08000a35   Thumb Code     0  libspace.o(.text)
    __rt_locale                              0x08000a3d   Thumb Code     8  rt_locale_intlibspace.o(.text)
    __aeabi_errno_addr                       0x08000a45   Thumb Code     8  rt_errno_addr_intlibspace.o(.text)
    __errno$intlibspace                      0x08000a45   Thumb Code     0  rt_errno_addr_intlibspace.o(.text)
    __rt_errno_addr$intlibspace              0x08000a45   Thumb Code     0  rt_errno_addr_intlibspace.o(.text)
    __Heap_ProvideMemory                     0x08000a4d   Thumb Code    52  h1_extend.o(.text)
    _ll_udiv10                               0x08000a81   Thumb Code   138  lludiv10.o(.text)
    _printf_fp_infnan                        0x08000b0d   Thumb Code   112  _printf_fp_infnan.o(.text)
    _btod_etento                             0x08000b8d   Thumb Code   224  bigflt0.o(.text)
    __rt_SIGRTMEM                            0x08000c71   Thumb Code    14  defsig_rtmem_outer.o(.text)
    __I$use$semihosting                      0x08000c7f   Thumb Code     0  use_no_semi.o(.text)
    __use_no_semihosting_swi                 0x08000c7f   Thumb Code     2  use_no_semi.o(.text)
    __semihosting_library_function           0x08000c81   Thumb Code     0  indicate_semi.o(.text)
    __user_setup_stackheap                   0x08000c81   Thumb Code    74  sys_stackheap_outer.o(.text)
    exit                                     0x08000ccb   Thumb Code    18  exit.o(.text)
    __sig_exit                               0x08000cdd   Thumb Code    10  defsig_exit.o(.text)
    __rt_SIGRTMEM_inner                      0x08000ce9   Thumb Code    22  defsig_rtmem_inner.o(.text)
    _sys_exit                                0x08000d39   Thumb Code     8  sys_exit.o(.text)
    __default_signal_display                 0x08000d45   Thumb Code    50  defsig_general.o(.text)
    _ttywrch                                 0x08000d77   Thumb Code    14  sys_wrch.o(.text)
    _btod_d2e                                0x08000d85   Thumb Code    62  btod.o(CL$$btod_d2e)
    _d2e_denorm_low                          0x08000dc3   Thumb Code    70  btod.o(CL$$btod_d2e_denorm_low)
    _d2e_norm_op1                            0x08000e09   Thumb Code    96  btod.o(CL$$btod_d2e_norm_op1)
    __btod_div_common                        0x08000e69   Thumb Code   696  btod.o(CL$$btod_div_common)
    _e2e                                     0x080011a1   Thumb Code   220  btod.o(CL$$btod_e2e)
    _btod_ediv                               0x0800127d   Thumb Code    42  btod.o(CL$$btod_ediv)
    _btod_emul                               0x080012a7   Thumb Code    42  btod.o(CL$$btod_emul)
    __btod_mult_common                       0x080012d1   Thumb Code   580  btod.o(CL$$btod_mult_common)
    BusFault_Handler                         0x08001515   Thumb Code     2  stm32f1xx_it.o(i.BusFault_Handler)
    DebugMon_Handler                         0x08001517   Thumb Code     2  stm32f1xx_it.o(i.DebugMon_Handler)
    Error_Handler                            0x08001519   Thumb Code     4  main.o(i.Error_Handler)
    HAL_DMA_Abort                            0x0800151d   Thumb Code    70  stm32f1xx_hal_dma.o(i.HAL_DMA_Abort)
    HAL_DMA_Abort_IT                         0x08001565   Thumb Code   148  stm32f1xx_hal_dma.o(i.HAL_DMA_Abort_IT)
    HAL_Delay                                0x080015fd   Thumb Code    32  stm32f1xx_hal.o(i.HAL_Delay)
    HAL_GPIO_Init                            0x08001621   Thumb Code   446  stm32f1xx_hal_gpio.o(i.HAL_GPIO_Init)
    HAL_GPIO_TogglePin                       0x08001801   Thumb Code    16  stm32f1xx_hal_gpio.o(i.HAL_GPIO_TogglePin)
    HAL_GPIO_WritePin                        0x08001811   Thumb Code    10  stm32f1xx_hal_gpio.o(i.HAL_GPIO_WritePin)
    HAL_GetTick                              0x0800181d   Thumb Code     6  stm32f1xx_hal.o(i.HAL_GetTick)
    HAL_I2C_Init                             0x08001829   Thumb Code   376  stm32f1xx_hal_i2c.o(i.HAL_I2C_Init)
    HAL_I2C_Master_Transmit                  0x080019b1   Thumb Code   290  stm32f1xx_hal_i2c.o(i.HAL_I2C_Master_Transmit)
    HAL_I2C_Mem_Read                         0x08001add   Thumb Code   574  stm32f1xx_hal_i2c.o(i.HAL_I2C_Mem_Read)
    HAL_I2C_Mem_Write                        0x08001d2d   Thumb Code   294  stm32f1xx_hal_i2c.o(i.HAL_I2C_Mem_Write)
    HAL_I2C_MspInit                          0x08001e5d   Thumb Code   134  i2c.o(i.HAL_I2C_MspInit)
    HAL_IncTick                              0x08001ef5   Thumb Code    12  stm32f1xx_hal.o(i.HAL_IncTick)
    HAL_Init                                 0x08001f05   Thumb Code    32  stm32f1xx_hal.o(i.HAL_Init)
    HAL_InitTick                             0x08001f29   Thumb Code    54  stm32f1xx_hal.o(i.HAL_InitTick)
    HAL_MspInit                              0x08001f69   Thumb Code    52  stm32f1xx_hal_msp.o(i.HAL_MspInit)
    HAL_NVIC_EnableIRQ                       0x08001fa5   Thumb Code    26  stm32f1xx_hal_cortex.o(i.HAL_NVIC_EnableIRQ)
    HAL_NVIC_SetPriority                     0x08001fc1   Thumb Code    60  stm32f1xx_hal_cortex.o(i.HAL_NVIC_SetPriority)
    HAL_NVIC_SetPriorityGrouping             0x08002001   Thumb Code    26  stm32f1xx_hal_cortex.o(i.HAL_NVIC_SetPriorityGrouping)
    HAL_RCC_ClockConfig                      0x08002025   Thumb Code   280  stm32f1xx_hal_rcc.o(i.HAL_RCC_ClockConfig)
    HAL_RCC_GetPCLK1Freq                     0x08002151   Thumb Code    20  stm32f1xx_hal_rcc.o(i.HAL_RCC_GetPCLK1Freq)
    HAL_RCC_GetPCLK2Freq                     0x08002171   Thumb Code    20  stm32f1xx_hal_rcc.o(i.HAL_RCC_GetPCLK2Freq)
    HAL_RCC_GetSysClockFreq                  0x08002191   Thumb Code    58  stm32f1xx_hal_rcc.o(i.HAL_RCC_GetSysClockFreq)
    HAL_RCC_OscConfig                        0x080021dd   Thumb Code   778  stm32f1xx_hal_rcc.o(i.HAL_RCC_OscConfig)
    HAL_SYSTICK_Config                       0x080024fd   Thumb Code    40  stm32f1xx_hal_cortex.o(i.HAL_SYSTICK_Config)
    HAL_UARTEx_RxEventCallback               0x08002525   Thumb Code     2  stm32f1xx_hal_uart.o(i.HAL_UARTEx_RxEventCallback)
    HAL_UART_ErrorCallback                   0x08002527   Thumb Code     2  stm32f1xx_hal_uart.o(i.HAL_UART_ErrorCallback)
    HAL_UART_IRQHandler                      0x08002529   Thumb Code   616  stm32f1xx_hal_uart.o(i.HAL_UART_IRQHandler)
    HAL_UART_Init                            0x08002795   Thumb Code   100  stm32f1xx_hal_uart.o(i.HAL_UART_Init)
    HAL_UART_MspInit                         0x080027f9   Thumb Code   116  usart.o(i.HAL_UART_MspInit)
    HAL_UART_RxCpltCallback                  0x08002879   Thumb Code     2  stm32f1xx_hal_uart.o(i.HAL_UART_RxCpltCallback)
    HAL_UART_TxCpltCallback                  0x0800287b   Thumb Code     2  stm32f1xx_hal_uart.o(i.HAL_UART_TxCpltCallback)
    HardFault_Handler                        0x0800287d   Thumb Code     2  stm32f1xx_it.o(i.HardFault_Handler)
    Kalman_getAngle                          0x08002d57   Thumb Code   396  mpu6050.o(i.Kalman_getAngle)
    MPU6050_Init                             0x08002ee3   Thumb Code   146  mpu6050.o(i.MPU6050_Init)
    MPU6050_Read_All                         0x08002f75   Thumb Code   536  mpu6050.o(i.MPU6050_Read_All)
    MX_GPIO_Init                             0x080031b5   Thumb Code   120  gpio.o(i.MX_GPIO_Init)
    MX_I2C1_Init                             0x08003235   Thumb Code    50  i2c.o(i.MX_I2C1_Init)
    MX_I2C2_Init                             0x08003275   Thumb Code    50  i2c.o(i.MX_I2C2_Init)
    MX_USART1_UART_Init                      0x080032b5   Thumb Code    48  usart.o(i.MX_USART1_UART_Init)
    MemManage_Handler                        0x080032ed   Thumb Code     2  stm32f1xx_it.o(i.MemManage_Handler)
    NMI_Handler                              0x080032ef   Thumb Code     2  stm32f1xx_it.o(i.NMI_Handler)
    OLED_Clear                               0x080032f1   Thumb Code    34  oled.o(i.OLED_Clear)
    OLED_ClearArea                           0x08003319   Thumb Code    94  oled.o(i.OLED_ClearArea)
    OLED_GPIO_Init                           0x0800337d   Thumb Code    22  oled.o(i.OLED_GPIO_Init)
    OLED_Init                                0x08003393   Thumb Code   156  oled.o(i.OLED_Init)
    OLED_SetCursor                           0x0800342f   Thumb Code    34  oled.o(i.OLED_SetCursor)
    OLED_ShowChar                            0x08003451   Thumb Code    52  oled.o(i.OLED_ShowChar)
    OLED_ShowImage                           0x0800348d   Thumb Code   170  oled.o(i.OLED_ShowImage)
    OLED_ShowString                          0x0800353d   Thumb Code    44  oled.o(i.OLED_ShowString)
    OLED_Update                              0x08003569   Thumb Code    34  oled.o(i.OLED_Update)
    OLED_WriteCommand                        0x08003591   Thumb Code    28  oled.o(i.OLED_WriteCommand)
    OLED_WriteData                           0x080035b1   Thumb Code    62  oled.o(i.OLED_WriteData)
    PendSV_Handler                           0x080035f5   Thumb Code     2  stm32f1xx_it.o(i.PendSV_Handler)
    SVC_Handler                              0x080035f7   Thumb Code     2  stm32f1xx_it.o(i.SVC_Handler)
    SysTick_Handler                          0x080035f9   Thumb Code     4  stm32f1xx_it.o(i.SysTick_Handler)
    SystemClock_Config                       0x080035fd   Thumb Code    94  main.o(i.SystemClock_Config)
    SystemInit                               0x0800365b   Thumb Code     2  system_stm32f1xx.o(i.SystemInit)
    USART1_IRQHandler                        0x08003835   Thumb Code     6  stm32f1xx_it.o(i.USART1_IRQHandler)
    UsageFault_Handler                       0x08003841   Thumb Code     2  stm32f1xx_it.o(i.UsageFault_Handler)
    __ARM_fpclassify                         0x08003843   Thumb Code    40  fpclassify.o(i.__ARM_fpclassify)
    __kernel_poly                            0x0800388b   Thumb Code   170  poly.o(i.__kernel_poly)
    __mathlib_dbl_infnan                     0x08003935   Thumb Code     6  dunder.o(i.__mathlib_dbl_infnan)
    __mathlib_dbl_infnan2                    0x0800393b   Thumb Code     4  dunder.o(i.__mathlib_dbl_infnan2)
    __mathlib_dbl_underflow                  0x08003941   Thumb Code    10  dunder.o(i.__mathlib_dbl_underflow)
    _is_digit                                0x08003951   Thumb Code    14  __printf_wp.o(i._is_digit)
    atan                                     0x08003961   Thumb Code   474  atan.o(i.atan)
    atan2                                    0x08003b81   Thumb Code   374  atan2.o(i.atan2)
    main                                     0x08003d1d   Thumb Code   170  main.o(i.main)
    sqrt                                     0x08003df1   Thumb Code    76  sqrt.o(i.sqrt)
    _get_lc_numeric                          0x08003e3d   Thumb Code    44  lc_numeric_c.o(locale$$code)
    __aeabi_dadd                             0x08003e69   Thumb Code     0  daddsub_clz.o(x$fpl$dadd)
    _dadd                                    0x08003e69   Thumb Code   332  daddsub_clz.o(x$fpl$dadd)
    __fpl_dcheck_NaN1                        0x08003fb9   Thumb Code    10  dcheck1.o(x$fpl$dcheck1)
    __fpl_dcmp_Inf                           0x08003fc9   Thumb Code    24  dcmpi.o(x$fpl$dcmpinf)
    __aeabi_ddiv                             0x08003fe1   Thumb Code     0  ddiv.o(x$fpl$ddiv)
    _ddiv                                    0x08003fe1   Thumb Code   552  ddiv.o(x$fpl$ddiv)
    __aeabi_cdcmpeq                          0x08004291   Thumb Code     0  deqf.o(x$fpl$deqf)
    _dcmpeq                                  0x08004291   Thumb Code   120  deqf.o(x$fpl$deqf)
    __aeabi_i2d                              0x08004309   Thumb Code     0  dflt_clz.o(x$fpl$dflt)
    _dflt                                    0x08004309   Thumb Code    46  dflt_clz.o(x$fpl$dflt)
    __aeabi_ui2d                             0x08004337   Thumb Code     0  dflt_clz.o(x$fpl$dfltu)
    _dfltu                                   0x08004337   Thumb Code    38  dflt_clz.o(x$fpl$dfltu)
    __aeabi_cdcmple                          0x0800435d   Thumb Code     0  dleqf.o(x$fpl$dleqf)
    _dcmple                                  0x0800435d   Thumb Code   120  dleqf.o(x$fpl$dleqf)
    __fpl_dcmple_InfNaN                      0x080043bf   Thumb Code     0  dleqf.o(x$fpl$dleqf)
    __aeabi_dmul                             0x080043d5   Thumb Code     0  dmul.o(x$fpl$dmul)
    _dmul                                    0x080043d5   Thumb Code   332  dmul.o(x$fpl$dmul)
    __fpl_dnaninf                            0x08004529   Thumb Code   156  dnaninf.o(x$fpl$dnaninf)
    __fpl_dretinf                            0x080045c5   Thumb Code    12  dretinf.o(x$fpl$dretinf)
    __aeabi_cdrcmple                         0x080045d1   Thumb Code     0  drleqf.o(x$fpl$drleqf)
    _drcmple                                 0x080045d1   Thumb Code   108  drleqf.o(x$fpl$drleqf)
    __aeabi_drsub                            0x0800463d   Thumb Code     0  daddsub_clz.o(x$fpl$drsb)
    _drsb                                    0x0800463d   Thumb Code    22  daddsub_clz.o(x$fpl$drsb)
    _dsqrt                                   0x08004655   Thumb Code   456  dsqrt_noumaal.o(x$fpl$dsqrt)
    __aeabi_dsub                             0x08004821   Thumb Code     0  daddsub_clz.o(x$fpl$dsub)
    _dsub                                    0x08004821   Thumb Code   464  daddsub_clz.o(x$fpl$dsub)
    __aeabi_fadd                             0x080049f5   Thumb Code     0  faddsub_clz.o(x$fpl$fadd)
    _fadd                                    0x080049f5   Thumb Code   196  faddsub_clz.o(x$fpl$fadd)
    __aeabi_fdiv                             0x08004ab9   Thumb Code     0  fdiv.o(x$fpl$fdiv)
    _fdiv                                    0x08004ab9   Thumb Code   384  fdiv.o(x$fpl$fdiv)
    __aeabi_i2f                              0x08004c3d   Thumb Code     0  fflt_clz.o(x$fpl$fflt)
    _fflt                                    0x08004c3d   Thumb Code    48  fflt_clz.o(x$fpl$fflt)
    __fpl_fnaninf                            0x08004c6d   Thumb Code   140  fnaninf.o(x$fpl$fnaninf)
    __fpl_fretinf                            0x08004cf9   Thumb Code    10  fretinf.o(x$fpl$fretinf)
    __aeabi_fsub                             0x08004d05   Thumb Code     0  faddsub_clz.o(x$fpl$fsub)
    _fsub                                    0x08004d05   Thumb Code   234  faddsub_clz.o(x$fpl$fsub)
    _printf_fp_dec                           0x08004def   Thumb Code     4  printf1.o(x$fpl$printf1)
    __fpl_return_NaN                         0x08004df3   Thumb Code   100  retnan.o(x$fpl$retnan)
    __ARM_scalbn                             0x08004e57   Thumb Code    92  scalbn.o(x$fpl$scalbn)
    __fpl_cmpreturn                          0x08004eb3   Thumb Code    48  trapv.o(x$fpl$trapveneer)
    __I$use$fp                               0x08004ee2   Number         0  usenofp.o(x$fpl$usenofp)
    AHBPrescTable                            0x08004ef4   Data          16  system_stm32f1xx.o(.constdata)
    APBPrescTable                            0x08004f04   Data           8  system_stm32f1xx.o(.constdata)
    OLED_F8x16                               0x08004f0c   Data        1520  oled_data.o(.constdata)
    OLED_F6x8                                0x080054fc   Data         570  oled_data.o(.constdata)
    __mathlib_zero                           0x080057e0   Data           8  qnan.o(.constdata)
    Region$$Table$$Base                      0x0800587c   Number         0  anon$$obj.o(Region$$Table)
    Region$$Table$$Limit                     0x0800589c   Number         0  anon$$obj.o(Region$$Table)
    timer                                    0x20000000   Data           4  mpu6050.o(.data)
    KalmanX                                  0x20000008   Data          72  mpu6050.o(.data)
    KalmanY                                  0x20000050   Data          72  mpu6050.o(.data)
    uwTickFreq                               0x20000098   Data           1  stm32f1xx_hal.o(.data)
    uwTickPrio                               0x2000009c   Data           4  stm32f1xx_hal.o(.data)
    uwTick                                   0x200000a0   Data           4  stm32f1xx_hal.o(.data)
    SystemCoreClock                          0x200000a4   Data           4  system_stm32f1xx.o(.data)
    MPU6050                                  0x200000a8   Data          88  main.o(.bss)
    hi2c1                                    0x20000100   Data          84  i2c.o(.bss)
    hi2c2                                    0x20000154   Data          84  i2c.o(.bss)
    huart1                                   0x200001a8   Data          72  usart.o(.bss)
    OLED_DisplayBuf                          0x200001f0   Data        1024  oled.o(.bss)
    __libspace_start                         0x200005f0   Data          96  libspace.o(.bss)
    __temporary_stack_top$libspace           0x20000650   Data           0  libspace.o(.bss)



==============================================================================

Memory Map of the image

  Image Entry point : 0x080000ed

  Load Region LR_IROM1 (Base: 0x08000000, Size: 0x00005960, Max: 0x00010000, ABSOLUTE)

    Execution Region ER_IROM1 (Exec base: 0x08000000, Load base: 0x08000000, Size: 0x000058b8, Max: 0x00010000, ABSOLUTE)

    Exec Addr    Load Addr    Size         Type   Attr      Idx    E Section Name        Object

    0x08000000   0x08000000   0x000000ec   Data   RO            3    RESET               startup_stm32f103xb.o
    0x080000ec   0x080000ec   0x00000008   Code   RO         2680  * !!!main             c_w.l(__main.o)
    0x080000f4   0x080000f4   0x00000034   Code   RO         3147    !!!scatter          c_w.l(__scatter.o)
    0x08000128   0x08000128   0x0000001a   Code   RO         3149    !!handler_copy      c_w.l(__scatter_copy.o)
    0x08000142   0x08000142   0x00000002   PAD
    0x08000144   0x08000144   0x0000001c   Code   RO         3151    !!handler_zi        c_w.l(__scatter_zi.o)
    0x08000160   0x08000160   0x00000000   Code   RO         2673    .ARM.Collect$$_printf_percent$$00000000  c_w.l(_printf_percent.o)
    0x08000160   0x08000160   0x00000006   Code   RO         2672    .ARM.Collect$$_printf_percent$$00000003  c_w.l(_printf_f.o)
    0x08000166   0x08000166   0x00000004   Code   RO         2854    .ARM.Collect$$_printf_percent$$00000017  c_w.l(_printf_percent_end.o)
    0x0800016a   0x0800016a   0x00000002   Code   RO         3079    .ARM.Collect$$libinit$$00000000  c_w.l(libinit.o)
    0x0800016c   0x0800016c   0x00000000   Code   RO         2869    .ARM.Collect$$libinit$$00000002  c_w.l(libinit2.o)
    0x0800016c   0x0800016c   0x00000000   Code   RO         2871    .ARM.Collect$$libinit$$00000004  c_w.l(libinit2.o)
    0x0800016c   0x0800016c   0x00000008   Code   RO         2872    .ARM.Collect$$libinit$$00000005  c_w.l(libinit2.o)
    0x08000174   0x08000174   0x00000000   Code   RO         2874    .ARM.Collect$$libinit$$0000000A  c_w.l(libinit2.o)
    0x08000174   0x08000174   0x00000000   Code   RO         2876    .ARM.Collect$$libinit$$0000000C  c_w.l(libinit2.o)
    0x08000174   0x08000174   0x00000000   Code   RO         2878    .ARM.Collect$$libinit$$0000000E  c_w.l(libinit2.o)
    0x08000174   0x08000174   0x00000006   Code   RO         2879    .ARM.Collect$$libinit$$0000000F  c_w.l(libinit2.o)
    0x0800017a   0x0800017a   0x00000000   Code   RO         2881    .ARM.Collect$$libinit$$00000011  c_w.l(libinit2.o)
    0x0800017a   0x0800017a   0x00000000   Code   RO         2883    .ARM.Collect$$libinit$$00000013  c_w.l(libinit2.o)
    0x0800017a   0x0800017a   0x00000000   Code   RO         2885    .ARM.Collect$$libinit$$00000015  c_w.l(libinit2.o)
    0x0800017a   0x0800017a   0x0000000a   Code   RO         2886    .ARM.Collect$$libinit$$00000016  c_w.l(libinit2.o)
    0x08000184   0x08000184   0x00000000   Code   RO         2887    .ARM.Collect$$libinit$$00000017  c_w.l(libinit2.o)
    0x08000184   0x08000184   0x00000000   Code   RO         2889    .ARM.Collect$$libinit$$00000019  c_w.l(libinit2.o)
    0x08000184   0x08000184   0x00000000   Code   RO         2891    .ARM.Collect$$libinit$$0000001B  c_w.l(libinit2.o)
    0x08000184   0x08000184   0x00000000   Code   RO         2893    .ARM.Collect$$libinit$$0000001D  c_w.l(libinit2.o)
    0x08000184   0x08000184   0x00000000   Code   RO         2895    .ARM.Collect$$libinit$$0000001F  c_w.l(libinit2.o)
    0x08000184   0x08000184   0x00000000   Code   RO         2897    .ARM.Collect$$libinit$$00000021  c_w.l(libinit2.o)
    0x08000184   0x08000184   0x00000000   Code   RO         2899    .ARM.Collect$$libinit$$00000023  c_w.l(libinit2.o)
    0x08000184   0x08000184   0x00000000   Code   RO         2901    .ARM.Collect$$libinit$$00000025  c_w.l(libinit2.o)
    0x08000184   0x08000184   0x00000000   Code   RO         2905    .ARM.Collect$$libinit$$0000002C  c_w.l(libinit2.o)
    0x08000184   0x08000184   0x00000000   Code   RO         2907    .ARM.Collect$$libinit$$0000002E  c_w.l(libinit2.o)
    0x08000184   0x08000184   0x00000000   Code   RO         2909    .ARM.Collect$$libinit$$00000030  c_w.l(libinit2.o)
    0x08000184   0x08000184   0x00000000   Code   RO         2911    .ARM.Collect$$libinit$$00000032  c_w.l(libinit2.o)
    0x08000184   0x08000184   0x00000002   Code   RO         2912    .ARM.Collect$$libinit$$00000033  c_w.l(libinit2.o)
    0x08000186   0x08000186   0x00000002   Code   RO         3144    .ARM.Collect$$libshutdown$$00000000  c_w.l(libshutdown.o)
    0x08000188   0x08000188   0x00000000   Code   RO         3098    .ARM.Collect$$libshutdown$$00000002  c_w.l(libshutdown2.o)
    0x08000188   0x08000188   0x00000000   Code   RO         3100    .ARM.Collect$$libshutdown$$00000004  c_w.l(libshutdown2.o)
    0x08000188   0x08000188   0x00000000   Code   RO         3102    .ARM.Collect$$libshutdown$$00000006  c_w.l(libshutdown2.o)
    0x08000188   0x08000188   0x00000000   Code   RO         3105    .ARM.Collect$$libshutdown$$00000009  c_w.l(libshutdown2.o)
    0x08000188   0x08000188   0x00000000   Code   RO         3108    .ARM.Collect$$libshutdown$$0000000C  c_w.l(libshutdown2.o)
    0x08000188   0x08000188   0x00000000   Code   RO         3110    .ARM.Collect$$libshutdown$$0000000E  c_w.l(libshutdown2.o)
    0x08000188   0x08000188   0x00000000   Code   RO         3113    .ARM.Collect$$libshutdown$$00000011  c_w.l(libshutdown2.o)
    0x08000188   0x08000188   0x00000002   Code   RO         3114    .ARM.Collect$$libshutdown$$00000012  c_w.l(libshutdown2.o)
    0x0800018a   0x0800018a   0x00000000   Code   RO         2766    .ARM.Collect$$rtentry$$00000000  c_w.l(__rtentry.o)
    0x0800018a   0x0800018a   0x00000000   Code   RO         2961    .ARM.Collect$$rtentry$$00000002  c_w.l(__rtentry2.o)
    0x0800018a   0x0800018a   0x00000006   Code   RO         2973    .ARM.Collect$$rtentry$$00000004  c_w.l(__rtentry4.o)
    0x08000190   0x08000190   0x00000000   Code   RO         2963    .ARM.Collect$$rtentry$$00000009  c_w.l(__rtentry2.o)
    0x08000190   0x08000190   0x00000004   Code   RO         2964    .ARM.Collect$$rtentry$$0000000A  c_w.l(__rtentry2.o)
    0x08000194   0x08000194   0x00000000   Code   RO         2966    .ARM.Collect$$rtentry$$0000000C  c_w.l(__rtentry2.o)
    0x08000194   0x08000194   0x00000008   Code   RO         2967    .ARM.Collect$$rtentry$$0000000D  c_w.l(__rtentry2.o)
    0x0800019c   0x0800019c   0x00000002   Code   RO         3084    .ARM.Collect$$rtexit$$00000000  c_w.l(rtexit.o)
    0x0800019e   0x0800019e   0x00000000   Code   RO         3118    .ARM.Collect$$rtexit$$00000002  c_w.l(rtexit2.o)
    0x0800019e   0x0800019e   0x00000004   Code   RO         3119    .ARM.Collect$$rtexit$$00000003  c_w.l(rtexit2.o)
    0x080001a2   0x080001a2   0x00000006   Code   RO         3120    .ARM.Collect$$rtexit$$00000004  c_w.l(rtexit2.o)
    0x080001a8   0x080001a8   0x00000000   Code   RO         2987    .emb_text           c_w.l(maybetermalloc1.o)
    0x080001a8   0x080001a8   0x00000040   Code   RO            4    .text               startup_stm32f103xb.o
    0x080001e8   0x080001e8   0x0000005e   Code   RO         2584    .text               c_w.l(h1_alloc.o)
    0x08000246   0x08000246   0x0000004e   Code   RO         2586    .text               c_w.l(h1_free.o)
    0x08000294   0x08000294   0x0000002c   Code   RO         2646    .text               c_w.l(__2sprintf.o)
    0x080002c0   0x080002c0   0x00000188   Code   RO         2669    .text               c_w.l(__printf_flags_ss_wp.o)
    0x08000448   0x08000448   0x0000004e   Code   RO         2674    .text               c_w.l(rt_memclr_w.o)
    0x08000496   0x08000496   0x00000002   PAD
    0x08000498   0x08000498   0x00000080   Code   RO         2676    .text               c_w.l(strcmpv7m.o)
    0x08000518   0x08000518   0x00000006   Code   RO         2678    .text               c_w.l(heapauxi.o)
    0x0800051e   0x0800051e   0x00000002   PAD
    0x08000520   0x08000520   0x00000008   Code   RO         2770    .text               c_w.l(rt_heap_descriptor_intlibspace.o)
    0x08000528   0x08000528   0x00000004   Code   RO         2772    .text               c_w.l(hguard.o)
    0x0800052c   0x0800052c   0x0000008a   Code   RO         2774    .text               c_w.l(init_alloc.o)
    0x080005b6   0x080005b6   0x0000000e   Code   RO         2778    .text               c_w.l(h1_init.o)
    0x080005c4   0x080005c4   0x00000016   Code   RO         2792    .text               c_w.l(_rserrno.o)
    0x080005da   0x080005da   0x0000041e   Code   RO         2804    .text               c_w.l(_printf_fp_dec.o)
    0x080009f8   0x080009f8   0x00000030   Code   RO         2806    .text               c_w.l(_printf_char_common.o)
    0x08000a28   0x08000a28   0x0000000a   Code   RO         2808    .text               c_w.l(_sputc.o)
    0x08000a32   0x08000a32   0x00000002   PAD
    0x08000a34   0x08000a34   0x00000008   Code   RO         2957    .text               c_w.l(libspace.o)
    0x08000a3c   0x08000a3c   0x00000008   Code   RO         2978    .text               c_w.l(rt_locale_intlibspace.o)
    0x08000a44   0x08000a44   0x00000008   Code   RO         2983    .text               c_w.l(rt_errno_addr_intlibspace.o)
    0x08000a4c   0x08000a4c   0x00000034   Code   RO         2989    .text               c_w.l(h1_extend.o)
    0x08000a80   0x08000a80   0x0000008a   Code   RO         2993    .text               c_w.l(lludiv10.o)
    0x08000b0a   0x08000b0a   0x00000002   PAD
    0x08000b0c   0x08000b0c   0x00000080   Code   RO         3000    .text               c_w.l(_printf_fp_infnan.o)
    0x08000b8c   0x08000b8c   0x000000e4   Code   RO         3008    .text               c_w.l(bigflt0.o)
    0x08000c70   0x08000c70   0x0000000e   Code   RO         3038    .text               c_w.l(defsig_rtmem_outer.o)
    0x08000c7e   0x08000c7e   0x00000002   Code   RO         3053    .text               c_w.l(use_no_semi.o)
    0x08000c80   0x08000c80   0x00000000   Code   RO         3055    .text               c_w.l(indicate_semi.o)
    0x08000c80   0x08000c80   0x0000004a   Code   RO         3056    .text               c_w.l(sys_stackheap_outer.o)
    0x08000cca   0x08000cca   0x00000012   Code   RO         3064    .text               c_w.l(exit.o)
    0x08000cdc   0x08000cdc   0x0000000a   Code   RO         3066    .text               c_w.l(defsig_exit.o)
    0x08000ce6   0x08000ce6   0x00000002   PAD
    0x08000ce8   0x08000ce8   0x00000050   Code   RO         3068    .text               c_w.l(defsig_rtmem_inner.o)
    0x08000d38   0x08000d38   0x0000000c   Code   RO         3082    .text               c_w.l(sys_exit.o)
    0x08000d44   0x08000d44   0x00000032   Code   RO         3095    .text               c_w.l(defsig_general.o)
    0x08000d76   0x08000d76   0x0000000e   Code   RO         3115    .text               c_w.l(sys_wrch.o)
    0x08000d84   0x08000d84   0x0000003e   Code   RO         3011    CL$$btod_d2e        c_w.l(btod.o)
    0x08000dc2   0x08000dc2   0x00000046   Code   RO         3013    CL$$btod_d2e_denorm_low  c_w.l(btod.o)
    0x08000e08   0x08000e08   0x00000060   Code   RO         3012    CL$$btod_d2e_norm_op1  c_w.l(btod.o)
    0x08000e68   0x08000e68   0x00000338   Code   RO         3021    CL$$btod_div_common  c_w.l(btod.o)
    0x080011a0   0x080011a0   0x000000dc   Code   RO         3018    CL$$btod_e2e        c_w.l(btod.o)
    0x0800127c   0x0800127c   0x0000002a   Code   RO         3015    CL$$btod_ediv       c_w.l(btod.o)
    0x080012a6   0x080012a6   0x0000002a   Code   RO         3014    CL$$btod_emul       c_w.l(btod.o)
    0x080012d0   0x080012d0   0x00000244   Code   RO         3020    CL$$btod_mult_common  c_w.l(btod.o)
    0x08001514   0x08001514   0x00000002   Code   RO          342    i.BusFault_Handler  stm32f1xx_it.o
    0x08001516   0x08001516   0x00000002   Code   RO          343    i.DebugMon_Handler  stm32f1xx_it.o
    0x08001518   0x08001518   0x00000004   Code   RO          168    i.Error_Handler     main.o
    0x0800151c   0x0800151c   0x00000046   Code   RO         1302    i.HAL_DMA_Abort     stm32f1xx_hal_dma.o
    0x08001562   0x08001562   0x00000002   PAD
    0x08001564   0x08001564   0x00000098   Code   RO         1303    i.HAL_DMA_Abort_IT  stm32f1xx_hal_dma.o
    0x080015fc   0x080015fc   0x00000024   Code   RO          928    i.HAL_Delay         stm32f1xx_hal.o
    0x08001620   0x08001620   0x000001e0   Code   RO         1238    i.HAL_GPIO_Init     stm32f1xx_hal_gpio.o
    0x08001800   0x08001800   0x00000010   Code   RO         1241    i.HAL_GPIO_TogglePin  stm32f1xx_hal_gpio.o
    0x08001810   0x08001810   0x0000000a   Code   RO         1242    i.HAL_GPIO_WritePin  stm32f1xx_hal_gpio.o
    0x0800181a   0x0800181a   0x00000002   PAD
    0x0800181c   0x0800181c   0x0000000c   Code   RO          932    i.HAL_GetTick       stm32f1xx_hal.o
    0x08001828   0x08001828   0x00000188   Code   RO          495    i.HAL_I2C_Init      stm32f1xx_hal_i2c.o
    0x080019b0   0x080019b0   0x0000012c   Code   RO          508    i.HAL_I2C_Master_Transmit  stm32f1xx_hal_i2c.o
    0x08001adc   0x08001adc   0x00000250   Code   RO          513    i.HAL_I2C_Mem_Read  stm32f1xx_hal_i2c.o
    0x08001d2c   0x08001d2c   0x00000130   Code   RO          516    i.HAL_I2C_Mem_Write  stm32f1xx_hal_i2c.o
    0x08001e5c   0x08001e5c   0x00000098   Code   RO          253    i.HAL_I2C_MspInit   i2c.o
    0x08001ef4   0x08001ef4   0x00000010   Code   RO          938    i.HAL_IncTick       stm32f1xx_hal.o
    0x08001f04   0x08001f04   0x00000024   Code   RO          939    i.HAL_Init          stm32f1xx_hal.o
    0x08001f28   0x08001f28   0x00000040   Code   RO          940    i.HAL_InitTick      stm32f1xx_hal.o
    0x08001f68   0x08001f68   0x0000003c   Code   RO          424    i.HAL_MspInit       stm32f1xx_hal_msp.o
    0x08001fa4   0x08001fa4   0x0000001a   Code   RO         1398    i.HAL_NVIC_EnableIRQ  stm32f1xx_hal_cortex.o
    0x08001fbe   0x08001fbe   0x00000002   PAD
    0x08001fc0   0x08001fc0   0x00000040   Code   RO         1404    i.HAL_NVIC_SetPriority  stm32f1xx_hal_cortex.o
    0x08002000   0x08002000   0x00000024   Code   RO         1405    i.HAL_NVIC_SetPriorityGrouping  stm32f1xx_hal_cortex.o
    0x08002024   0x08002024   0x0000012c   Code   RO         1096    i.HAL_RCC_ClockConfig  stm32f1xx_hal_rcc.o
    0x08002150   0x08002150   0x00000020   Code   RO         1103    i.HAL_RCC_GetPCLK1Freq  stm32f1xx_hal_rcc.o
    0x08002170   0x08002170   0x00000020   Code   RO         1104    i.HAL_RCC_GetPCLK2Freq  stm32f1xx_hal_rcc.o
    0x08002190   0x08002190   0x0000004c   Code   RO         1105    i.HAL_RCC_GetSysClockFreq  stm32f1xx_hal_rcc.o
    0x080021dc   0x080021dc   0x00000320   Code   RO         1108    i.HAL_RCC_OscConfig  stm32f1xx_hal_rcc.o
    0x080024fc   0x080024fc   0x00000028   Code   RO         1409    i.HAL_SYSTICK_Config  stm32f1xx_hal_cortex.o
    0x08002524   0x08002524   0x00000002   Code   RO         1946    i.HAL_UARTEx_RxEventCallback  stm32f1xx_hal_uart.o
    0x08002526   0x08002526   0x00000002   Code   RO         1960    i.HAL_UART_ErrorCallback  stm32f1xx_hal_uart.o
    0x08002528   0x08002528   0x0000026c   Code   RO         1963    i.HAL_UART_IRQHandler  stm32f1xx_hal_uart.o
    0x08002794   0x08002794   0x00000064   Code   RO         1964    i.HAL_UART_Init     stm32f1xx_hal_uart.o
    0x080027f8   0x080027f8   0x00000080   Code   RO          301    i.HAL_UART_MspInit  usart.o
    0x08002878   0x08002878   0x00000002   Code   RO         1970    i.HAL_UART_RxCpltCallback  stm32f1xx_hal_uart.o
    0x0800287a   0x0800287a   0x00000002   Code   RO         1975    i.HAL_UART_TxCpltCallback  stm32f1xx_hal_uart.o
    0x0800287c   0x0800287c   0x00000002   Code   RO          344    i.HardFault_Handler  stm32f1xx_it.o
    0x0800287e   0x0800287e   0x0000002e   Code   RO          538    i.I2C_IsAcknowledgeFailed  stm32f1xx_hal_i2c.o
    0x080028ac   0x080028ac   0x0000009c   Code   RO          542    i.I2C_MasterRequestWrite  stm32f1xx_hal_i2c.o
    0x08002948   0x08002948   0x000000fc   Code   RO          548    i.I2C_RequestMemoryRead  stm32f1xx_hal_i2c.o
    0x08002a44   0x08002a44   0x000000a8   Code   RO          549    i.I2C_RequestMemoryWrite  stm32f1xx_hal_i2c.o
    0x08002aec   0x08002aec   0x00000056   Code   RO          553    i.I2C_WaitOnBTFFlagUntilTimeout  stm32f1xx_hal_i2c.o
    0x08002b42   0x08002b42   0x00000002   PAD
    0x08002b44   0x08002b44   0x00000090   Code   RO          554    i.I2C_WaitOnFlagUntilTimeout  stm32f1xx_hal_i2c.o
    0x08002bd4   0x08002bd4   0x000000bc   Code   RO          555    i.I2C_WaitOnMasterAddressFlagUntilTimeout  stm32f1xx_hal_i2c.o
    0x08002c90   0x08002c90   0x00000070   Code   RO          556    i.I2C_WaitOnRXNEFlagUntilTimeout  stm32f1xx_hal_i2c.o
    0x08002d00   0x08002d00   0x00000056   Code   RO          557    i.I2C_WaitOnTXEFlagUntilTimeout  stm32f1xx_hal_i2c.o
    0x08002d56   0x08002d56   0x0000018c   Code   RO           13    i.Kalman_getAngle   mpu6050.o
    0x08002ee2   0x08002ee2   0x00000092   Code   RO           14    i.MPU6050_Init      mpu6050.o
    0x08002f74   0x08002f74   0x00000240   Code   RO           16    i.MPU6050_Read_All  mpu6050.o
    0x080031b4   0x080031b4   0x00000080   Code   RO          228    i.MX_GPIO_Init      gpio.o
    0x08003234   0x08003234   0x00000040   Code   RO          254    i.MX_I2C1_Init      i2c.o
    0x08003274   0x08003274   0x00000040   Code   RO          255    i.MX_I2C2_Init      i2c.o
    0x080032b4   0x080032b4   0x00000038   Code   RO          302    i.MX_USART1_UART_Init  usart.o
    0x080032ec   0x080032ec   0x00000002   Code   RO          345    i.MemManage_Handler  stm32f1xx_it.o
    0x080032ee   0x080032ee   0x00000002   Code   RO          346    i.NMI_Handler       stm32f1xx_it.o
    0x080032f0   0x080032f0   0x00000028   Code   RO         2335    i.OLED_Clear        oled.o
    0x08003318   0x08003318   0x00000064   Code   RO         2336    i.OLED_ClearArea    oled.o
    0x0800337c   0x0800337c   0x00000016   Code   RO         2344    i.OLED_GPIO_Init    oled.o
    0x08003392   0x08003392   0x0000009c   Code   RO         2349    i.OLED_Init         oled.o
    0x0800342e   0x0800342e   0x00000022   Code   RO         2355    i.OLED_SetCursor    oled.o
    0x08003450   0x08003450   0x0000003c   Code   RO         2357    i.OLED_ShowChar     oled.o
    0x0800348c   0x0800348c   0x000000b0   Code   RO         2361    i.OLED_ShowImage    oled.o
    0x0800353c   0x0800353c   0x0000002c   Code   RO         2364    i.OLED_ShowString   oled.o
    0x08003568   0x08003568   0x00000028   Code   RO         2365    i.OLED_Update       oled.o
    0x08003590   0x08003590   0x00000020   Code   RO         2367    i.OLED_WriteCommand  oled.o
    0x080035b0   0x080035b0   0x00000044   Code   RO         2368    i.OLED_WriteData    oled.o
    0x080035f4   0x080035f4   0x00000002   Code   RO          347    i.PendSV_Handler    stm32f1xx_it.o
    0x080035f6   0x080035f6   0x00000002   Code   RO          348    i.SVC_Handler       stm32f1xx_it.o
    0x080035f8   0x080035f8   0x00000004   Code   RO          349    i.SysTick_Handler   stm32f1xx_it.o
    0x080035fc   0x080035fc   0x0000005e   Code   RO          169    i.SystemClock_Config  main.o
    0x0800365a   0x0800365a   0x00000002   Code   RO         2298    i.SystemInit        system_stm32f1xx.o
    0x0800365c   0x0800365c   0x00000010   Code   RO         1977    i.UART_DMAAbortOnError  stm32f1xx_hal_uart.o
    0x0800366c   0x0800366c   0x0000004e   Code   RO         1987    i.UART_EndRxTransfer  stm32f1xx_hal_uart.o
    0x080036ba   0x080036ba   0x000000c2   Code   RO         1989    i.UART_Receive_IT   stm32f1xx_hal_uart.o
    0x0800377c   0x0800377c   0x000000b8   Code   RO         1990    i.UART_SetConfig    stm32f1xx_hal_uart.o
    0x08003834   0x08003834   0x0000000c   Code   RO          350    i.USART1_IRQHandler  stm32f1xx_it.o
    0x08003840   0x08003840   0x00000002   Code   RO          351    i.UsageFault_Handler  stm32f1xx_it.o
    0x08003842   0x08003842   0x00000028   Code   RO         2950    i.__ARM_fpclassify  m_ws.l(fpclassify.o)
    0x0800386a   0x0800386a   0x00000020   Code   RO         1411    i.__NVIC_SetPriority  stm32f1xx_hal_cortex.o
    0x0800388a   0x0800388a   0x000000aa   Code   RO         2952    i.__kernel_poly     m_ws.l(poly.o)
    0x08003934   0x08003934   0x00000006   Code   RO         2937    i.__mathlib_dbl_infnan  m_ws.l(dunder.o)
    0x0800393a   0x0800393a   0x00000004   Code   RO         2938    i.__mathlib_dbl_infnan2  m_ws.l(dunder.o)
    0x0800393e   0x0800393e   0x00000002   PAD
    0x08003940   0x08003940   0x00000010   Code   RO         2942    i.__mathlib_dbl_underflow  m_ws.l(dunder.o)
    0x08003950   0x08003950   0x0000000e   Code   RO         2662    i._is_digit         c_w.l(__printf_wp.o)
    0x0800395e   0x0800395e   0x00000002   PAD
    0x08003960   0x08003960   0x00000220   Code   RO         2737    i.atan              m_ws.l(atan.o)
    0x08003b80   0x08003b80   0x0000019c   Code   RO         2747    i.atan2             m_ws.l(atan2.o)
    0x08003d1c   0x08003d1c   0x000000d4   Code   RO          170    i.main              main.o
    0x08003df0   0x08003df0   0x0000004c   Code   RO         2757    i.sqrt              m_ws.l(sqrt.o)
    0x08003e3c   0x08003e3c   0x0000002c   Code   RO         3036    locale$$code        c_w.l(lc_numeric_c.o)
    0x08003e68   0x08003e68   0x00000150   Code   RO         2684    x$fpl$dadd          fz_ws.l(daddsub_clz.o)
    0x08003fb8   0x08003fb8   0x00000010   Code   RO         2913    x$fpl$dcheck1       fz_ws.l(dcheck1.o)
    0x08003fc8   0x08003fc8   0x00000018   Code   RO         2915    x$fpl$dcmpinf       fz_ws.l(dcmpi.o)
    0x08003fe0   0x08003fe0   0x000002b0   Code   RO         2691    x$fpl$ddiv          fz_ws.l(ddiv.o)
    0x08004290   0x08004290   0x00000078   Code   RO         2694    x$fpl$deqf          fz_ws.l(deqf.o)
    0x08004308   0x08004308   0x0000002e   Code   RO         2705    x$fpl$dflt          fz_ws.l(dflt_clz.o)
    0x08004336   0x08004336   0x00000026   Code   RO         2704    x$fpl$dfltu         fz_ws.l(dflt_clz.o)
    0x0800435c   0x0800435c   0x00000078   Code   RO         2710    x$fpl$dleqf         fz_ws.l(dleqf.o)
    0x080043d4   0x080043d4   0x00000154   Code   RO         2712    x$fpl$dmul          fz_ws.l(dmul.o)
    0x08004528   0x08004528   0x0000009c   Code   RO         2917    x$fpl$dnaninf       fz_ws.l(dnaninf.o)
    0x080045c4   0x080045c4   0x0000000c   Code   RO         2919    x$fpl$dretinf       fz_ws.l(dretinf.o)
    0x080045d0   0x080045d0   0x0000006c   Code   RO         2714    x$fpl$drleqf        fz_ws.l(drleqf.o)
    0x0800463c   0x0800463c   0x00000016   Code   RO         2685    x$fpl$drsb          fz_ws.l(daddsub_clz.o)
    0x08004652   0x08004652   0x00000002   PAD
    0x08004654   0x08004654   0x000001cc   Code   RO         2923    x$fpl$dsqrt         fz_ws.l(dsqrt_noumaal.o)
    0x08004820   0x08004820   0x000001d4   Code   RO         2686    x$fpl$dsub          fz_ws.l(daddsub_clz.o)
    0x080049f4   0x080049f4   0x000000c4   Code   RO         2716    x$fpl$fadd          fz_ws.l(faddsub_clz.o)
    0x08004ab8   0x08004ab8   0x00000184   Code   RO         2723    x$fpl$fdiv          fz_ws.l(fdiv.o)
    0x08004c3c   0x08004c3c   0x00000030   Code   RO         2727    x$fpl$fflt          fz_ws.l(fflt_clz.o)
    0x08004c6c   0x08004c6c   0x0000008c   Code   RO         2925    x$fpl$fnaninf       fz_ws.l(fnaninf.o)
    0x08004cf8   0x08004cf8   0x0000000a   Code   RO         2927    x$fpl$fretinf       fz_ws.l(fretinf.o)
    0x08004d02   0x08004d02   0x00000002   PAD
    0x08004d04   0x08004d04   0x000000ea   Code   RO         2718    x$fpl$fsub          fz_ws.l(faddsub_clz.o)
    0x08004dee   0x08004dee   0x00000004   Code   RO         2732    x$fpl$printf1       fz_ws.l(printf1.o)
    0x08004df2   0x08004df2   0x00000064   Code   RO         3051    x$fpl$retnan        fz_ws.l(retnan.o)
    0x08004e56   0x08004e56   0x0000005c   Code   RO         2734    x$fpl$scalbn        fz_ws.l(scalbn.o)
    0x08004eb2   0x08004eb2   0x00000030   Code   RO         3080    x$fpl$trapveneer    fz_ws.l(trapv.o)
    0x08004ee2   0x08004ee2   0x00000000   Code   RO         2935    x$fpl$usenofp       fz_ws.l(usenofp.o)
    0x08004ee2   0x08004ee2   0x00000012   Data   RO         1109    .constdata          stm32f1xx_hal_rcc.o
    0x08004ef4   0x08004ef4   0x00000010   Data   RO         2299    .constdata          system_stm32f1xx.o
    0x08004f04   0x08004f04   0x00000008   Data   RO         2300    .constdata          system_stm32f1xx.o
    0x08004f0c   0x08004f0c   0x000005f0   Data   RO         2563    .constdata          oled_data.o
    0x080054fc   0x080054fc   0x0000023a   Data   RO         2564    .constdata          oled_data.o
    0x08005736   0x08005736   0x00000011   Data   RO         2670    .constdata          c_w.l(__printf_flags_ss_wp.o)
    0x08005747   0x08005747   0x00000001   PAD
    0x08005748   0x08005748   0x00000098   Data   RO         2738    .constdata          m_ws.l(atan.o)
    0x080057e0   0x080057e0   0x00000008   Data   RO         2954    .constdata          m_ws.l(qnan.o)
    0x080057e8   0x080057e8   0x00000094   Data   RO         3009    .constdata          c_w.l(bigflt0.o)
    0x0800587c   0x0800587c   0x00000020   Data   RO         3145    Region$$Table       anon$$obj.o
    0x0800589c   0x0800589c   0x0000001c   Data   RO         3035    locale$$data        c_w.l(lc_numeric_c.o)


    Execution Region RW_IRAM1 (Exec base: 0x20000000, Load base: 0x080058b8, Size: 0x00000c50, Max: 0x00005000, ABSOLUTE)

    Exec Addr    Load Addr    Size         Type   Attr      Idx    E Section Name        Object

    0x20000000   0x080058b8   0x00000098   Data   RW           21    .data               mpu6050.o
    0x20000098   0x08005950   0x0000000c   Data   RW          946    .data               stm32f1xx_hal.o
    0x200000a4   0x0800595c   0x00000004   Data   RW         2301    .data               system_stm32f1xx.o
    0x200000a8        -       0x00000058   Zero   RW          171    .bss                main.o
    0x20000100        -       0x000000a8   Zero   RW          256    .bss                i2c.o
    0x200001a8        -       0x00000048   Zero   RW          303    .bss                usart.o
    0x200001f0        -       0x00000400   Zero   RW         2370    .bss                oled.o
    0x200005f0        -       0x00000060   Zero   RW         2958    .bss                c_w.l(libspace.o)
    0x20000650        -       0x00000200   Zero   RW            2    HEAP                startup_stm32f103xb.o
    0x20000850        -       0x00000400   Zero   RW            1    STACK               startup_stm32f103xb.o


==============================================================================

Image component sizes


      Code (inc. data)   RO Data    RW Data    ZI Data      Debug   Object Name

       128          8          0          0          0        907   gpio.o
       280         46          0          0        168       2178   i2c.o
       310         42          0          0         88       2310   main.o
      1118         40          0        152          0     405226   mpu6050.o
       772         42          0          0       1024       7608   oled.o
         0          0       2090          0          0       1074   oled_data.o
        64         26        236          0       1536        792   startup_stm32f103xb.o
       164         28          0         12          0       5741   stm32f1xx_hal.o
       198         14          0          0          0      28815   stm32f1xx_hal_cortex.o
       222          4          0          0          0       1711   stm32f1xx_hal_dma.o
       506         34          0          0          0       3425   stm32f1xx_hal_gpio.o
      2826         72          0          0          0      14672   stm32f1xx_hal_i2c.o
        60          8          0          0          0        834   stm32f1xx_hal_msp.o
      1240         84         18          0          0       4992   stm32f1xx_hal_rcc.o
      1200         10          0          0          0       7760   stm32f1xx_hal_uart.o
        32          6          0          0          0       4102   stm32f1xx_it.o
         2          0         24          4          0       1059   system_stm32f1xx.o
       184         20          0          0         72       1606   usart.o

    ----------------------------------------------------------------------
      9314        484       2400        168       2888     494812   Object Totals
         0          0         32          0          0          0   (incl. Generated)
         8          0          0          0          0          0   (incl. Padding)

    ----------------------------------------------------------------------

      Code (inc. data)   RO Data    RW Data    ZI Data      Debug   Library Member Name

        44          6          0          0          0         84   __2sprintf.o
         8          0          0          0          0         68   __main.o
       392          4         17          0          0         92   __printf_flags_ss_wp.o
        14          0          0          0          0         68   __printf_wp.o
         0          0          0          0          0          0   __rtentry.o
        12          0          0          0          0          0   __rtentry2.o
         6          0          0          0          0          0   __rtentry4.o
        52          8          0          0          0          0   __scatter.o
        26          0          0          0          0          0   __scatter_copy.o
        28          0          0          0          0          0   __scatter_zi.o
        48          6          0          0          0         96   _printf_char_common.o
         6          0          0          0          0          0   _printf_f.o
      1054          0          0          0          0        216   _printf_fp_dec.o
       128         16          0          0          0         84   _printf_fp_infnan.o
         0          0          0          0          0          0   _printf_percent.o
         4          0          0          0          0          0   _printf_percent_end.o
        22          0          0          0          0        100   _rserrno.o
        10          0          0          0          0         68   _sputc.o
       228          4        148          0          0         96   bigflt0.o
      1936        128          0          0          0        672   btod.o
        10          0          0          0          0         68   defsig_exit.o
        50          0          0          0          0         88   defsig_general.o
        80         58          0          0          0         76   defsig_rtmem_inner.o
        14          0          0          0          0         80   defsig_rtmem_outer.o
        18          0          0          0          0         80   exit.o
        94          0          0          0          0         80   h1_alloc.o
        52          0          0          0          0         68   h1_extend.o
        78          0          0          0          0         80   h1_free.o
        14          0          0          0          0         84   h1_init.o
         6          0          0          0          0        152   heapauxi.o
         4          0          0          0          0        136   hguard.o
         0          0          0          0          0          0   indicate_semi.o
       138          0          0          0          0        168   init_alloc.o
        44         10         28          0          0         76   lc_numeric_c.o
         2          0          0          0          0          0   libinit.o
        26          0          0          0          0          0   libinit2.o
         2          0          0          0          0          0   libshutdown.o
         2          0          0          0          0          0   libshutdown2.o
         8          4          0          0         96         68   libspace.o
       138          0          0          0          0         80   lludiv10.o
         0          0          0          0          0          0   maybetermalloc1.o
         8          4          0          0          0         68   rt_errno_addr_intlibspace.o
         8          4          0          0          0         68   rt_heap_descriptor_intlibspace.o
         8          4          0          0          0         68   rt_locale_intlibspace.o
        78          0          0          0          0         80   rt_memclr_w.o
         2          0          0          0          0          0   rtexit.o
        10          0          0          0          0          0   rtexit2.o
       128          0          0          0          0         68   strcmpv7m.o
        12          4          0          0          0         68   sys_exit.o
        74          0          0          0          0         80   sys_stackheap_outer.o
        14          0          0          0          0         76   sys_wrch.o
         2          0          0          0          0         68   use_no_semi.o
       826         16          0          0          0        348   daddsub_clz.o
        16          4          0          0          0         68   dcheck1.o
        24          0          0          0          0         68   dcmpi.o
       688        140          0          0          0        208   ddiv.o
       120          4          0          0          0         92   deqf.o
        84          0          0          0          0        136   dflt_clz.o
       120          4          0          0          0         92   dleqf.o
       340         12          0          0          0        104   dmul.o
       156          4          0          0          0         92   dnaninf.o
        12          0          0          0          0         68   dretinf.o
       108          0          0          0          0         80   drleqf.o
       460         56          0          0          0        120   dsqrt_noumaal.o
       430          8          0          0          0        168   faddsub_clz.o
       388         76          0          0          0         96   fdiv.o
        48          0          0          0          0         68   fflt_clz.o
       140          4          0          0          0         84   fnaninf.o
        10          0          0          0          0         68   fretinf.o
         4          0          0          0          0         68   printf1.o
       100          0          0          0          0         68   retnan.o
        92          0          0          0          0         68   scalbn.o
        48          0          0          0          0         68   trapv.o
         0          0          0          0          0          0   usenofp.o
       544         70        152          0          0        124   atan.o
       412         38          0          0          0        144   atan2.o
        26          6          0          0          0        204   dunder.o
        40          0          0          0          0         68   fpclassify.o
       170          0          0          0          0         96   poly.o
         0          0          8          0          0          0   qnan.o
        76          0          0          0          0         84   sqrt.o

    ----------------------------------------------------------------------
     10644        702        354          0         96       6624   Library Totals
        20          0          1          0          0          0   (incl. Padding)

    ----------------------------------------------------------------------

      Code (inc. data)   RO Data    RW Data    ZI Data      Debug   Library Name

      5142        260        193          0         96       3672   c_w.l
      4214        328          0          0          0       2232   fz_ws.l
      1268        114        160          0          0        720   m_ws.l

    ----------------------------------------------------------------------
     10644        702        354          0         96       6624   Library Totals

    ----------------------------------------------------------------------

==============================================================================


      Code (inc. data)   RO Data    RW Data    ZI Data      Debug   

     19958       1186       2754        168       2984     493788   Grand Totals
     19958       1186       2754        168       2984     493788   ELF Image Totals
     19958       1186       2754        168          0          0   ROM Totals

==============================================================================

    Total RO  Size (Code + RO Data)                22712 (  22.18kB)
    Total RW  Size (RW Data + ZI Data)              3152 (   3.08kB)
    Total ROM Size (Code + RO Data + RW Data)      22880 (  22.34kB)

==============================================================================

